page cache dropped before each query (6 tries: 1 cold + 5 hot)
starting 26.7.5.10 from image clickhouse/clickhouse-server:26.7.5.10
=== CREATE tpcds tables ===
=== INSERT INTO tpcds.call_center SELECT * FROM file('/data/parquet/tpcds/call_center.parquet', Parquet)  (12K) ===
=== MATERIALIZE STATISTICS tpcds.call_center ===
statistics on tpcds.call_center: 0s
loaded tpcds.call_center: 30 rows in 0s
=== INSERT INTO tpcds.catalog_page SELECT * FROM file('/data/parquet/tpcds/catalog_page.parquet', Parquet)  (1.2M) ===
=== MATERIALIZE STATISTICS tpcds.catalog_page ===
statistics on tpcds.catalog_page: 0s
loaded tpcds.catalog_page: 20400 rows in 1s
=== INSERT INTO tpcds.catalog_returns SELECT * FROM file('/data/parquet/tpcds/catalog_returns.parquet', Parquet)  (1.1G) ===
=== MATERIALIZE STATISTICS tpcds.catalog_returns ===
statistics on tpcds.catalog_returns: 9s
loaded tpcds.catalog_returns: 14399221 rows in 8s
=== INSERT INTO tpcds.catalog_sales SELECT * FROM file('/data/parquet/tpcds/catalog_sales.parquet', Parquet)  (11G) ===
=== MATERIALIZE STATISTICS tpcds.catalog_sales ===
statistics on tpcds.catalog_sales: 154s
loaded tpcds.catalog_sales: 143997065 rows in 262s
=== INSERT INTO tpcds.customer_address SELECT * FROM file('/data/parquet/tpcds/customer_address.parquet', Parquet)  (20M) ===
=== MATERIALIZE STATISTICS tpcds.customer_address ===
statistics on tpcds.customer_address: 0s
loaded tpcds.customer_address: 1000000 rows in 1s
=== INSERT INTO tpcds.customer_demographics SELECT * FROM file('/data/parquet/tpcds/customer_demographics.parquet', Parquet)  (7.5M) ===
=== MATERIALIZE STATISTICS tpcds.customer_demographics ===
statistics on tpcds.customer_demographics: 0s
loaded tpcds.customer_demographics: 1920800 rows in 0s
=== INSERT INTO tpcds.customer SELECT * FROM file('/data/parquet/tpcds/customer.parquet', Parquet)  (109M) ===
=== MATERIALIZE STATISTICS tpcds.customer ===
statistics on tpcds.customer: 1s
loaded tpcds.customer: 2000000 rows in 2s
=== INSERT INTO tpcds.date_dim SELECT * FROM file('/data/parquet/tpcds/date_dim.parquet', Parquet)  (1.8M) ===
=== MATERIALIZE STATISTICS tpcds.date_dim ===
statistics on tpcds.date_dim: 0s
loaded tpcds.date_dim: 73049 rows in 1s
=== INSERT INTO tpcds.household_demographics SELECT * FROM file('/data/parquet/tpcds/household_demographics.parquet', Parquet)  (32K) ===
=== MATERIALIZE STATISTICS tpcds.household_demographics ===
statistics on tpcds.household_demographics: 0s
loaded tpcds.household_demographics: 7200 rows in 0s
=== INSERT INTO tpcds.income_band SELECT * FROM file('/data/parquet/tpcds/income_band.parquet', Parquet)  (4.0K) ===
=== MATERIALIZE STATISTICS tpcds.income_band ===
statistics on tpcds.income_band: 1s
loaded tpcds.income_band: 20 rows in 0s
=== INSERT INTO tpcds.inventory SELECT * FROM file('/data/parquet/tpcds/inventory.parquet', Parquet)  (2.0G) ===
=== MATERIALIZE STATISTICS tpcds.inventory ===
statistics on tpcds.inventory: 10s
loaded tpcds.inventory: 399330000 rows in 39s
=== INSERT INTO tpcds.item SELECT * FROM file('/data/parquet/tpcds/item.parquet', Parquet)  (19M) ===
=== MATERIALIZE STATISTICS tpcds.item ===
statistics on tpcds.item: 0s
loaded tpcds.item: 204000 rows in 1s
=== INSERT INTO tpcds.promotion SELECT * FROM file('/data/parquet/tpcds/promotion.parquet', Parquet)  (56K) ===
=== MATERIALIZE STATISTICS tpcds.promotion ===
statistics on tpcds.promotion: 0s
loaded tpcds.promotion: 1000 rows in 1s
=== INSERT INTO tpcds.reason SELECT * FROM file('/data/parquet/tpcds/reason.parquet', Parquet)  (4.0K) ===
=== MATERIALIZE STATISTICS tpcds.reason ===
statistics on tpcds.reason: 0s
loaded tpcds.reason: 55 rows in 0s
=== INSERT INTO tpcds.ship_mode SELECT * FROM file('/data/parquet/tpcds/ship_mode.parquet', Parquet)  (4.0K) ===
=== MATERIALIZE STATISTICS tpcds.ship_mode ===
statistics on tpcds.ship_mode: 1s
loaded tpcds.ship_mode: 20 rows in 0s
=== INSERT INTO tpcds.store_returns SELECT * FROM file('/data/parquet/tpcds/store_returns.parquet', Parquet)  (1.7G) ===
=== MATERIALIZE STATISTICS tpcds.store_returns ===
statistics on tpcds.store_returns: 9s
loaded tpcds.store_returns: 28792282 rows in 40s
=== INSERT INTO tpcds.store_sales SELECT * FROM file('/data/parquet/tpcds/store_sales.parquet', Parquet)  (14G) ===
=== MATERIALIZE STATISTICS tpcds.store_sales ===
statistics on tpcds.store_sales: 209s
loaded tpcds.store_sales: 287997024 rows in 480s
=== INSERT INTO tpcds.store SELECT * FROM file('/data/parquet/tpcds/store.parquet', Parquet)  (44K) ===
=== MATERIALIZE STATISTICS tpcds.store ===
statistics on tpcds.store: 0s
loaded tpcds.store: 402 rows in 0s
=== INSERT INTO tpcds.time_dim SELECT * FROM file('/data/parquet/tpcds/time_dim.parquet', Parquet)  (1.1M) ===
=== MATERIALIZE STATISTICS tpcds.time_dim ===
statistics on tpcds.time_dim: 0s
loaded tpcds.time_dim: 86400 rows in 0s
=== INSERT INTO tpcds.warehouse SELECT * FROM file('/data/parquet/tpcds/warehouse.parquet', Parquet)  (4.0K) ===
=== MATERIALIZE STATISTICS tpcds.warehouse ===
statistics on tpcds.warehouse: 1s
loaded tpcds.warehouse: 15 rows in 0s
=== INSERT INTO tpcds.web_page SELECT * FROM file('/data/parquet/tpcds/web_page.parquet', Parquet)  (40K) ===
=== MATERIALIZE STATISTICS tpcds.web_page ===
statistics on tpcds.web_page: 0s
loaded tpcds.web_page: 2040 rows in 0s
=== INSERT INTO tpcds.web_returns SELECT * FROM file('/data/parquet/tpcds/web_returns.parquet', Parquet)  (559M) ===
=== MATERIALIZE STATISTICS tpcds.web_returns ===
statistics on tpcds.web_returns: 7s
loaded tpcds.web_returns: 7199229 rows in 6s
=== INSERT INTO tpcds.web_sales SELECT * FROM file('/data/parquet/tpcds/web_sales.parquet', Parquet)  (5.0G) ===
=== MATERIALIZE STATISTICS tpcds.web_sales ===
statistics on tpcds.web_sales: 47s
loaded tpcds.web_sales: 72001237 rows in 154s
=== INSERT INTO tpcds.web_site SELECT * FROM file('/data/parquet/tpcds/web_site.parquet', Parquet)  (12K) ===
=== MATERIALIZE STATISTICS tpcds.web_site ===
statistics on tpcds.web_site: 0s
loaded tpcds.web_site: 24 rows in 0s
=== all loads finished ===
benchmarking ClickHouse 26.7.5.10 (server reports 26.7.5.10)
=== tpch: not fully loaded; skipping its queries, load time and size ===
=== job: not fully loaded; skipping its queries, load time and size ===
q1 [tpch]: SKIPPED (not loaded); recording null
q2 [tpch]: SKIPPED (not loaded); recording null
q3 [tpch]: SKIPPED (not loaded); recording null
q4 [tpch]: SKIPPED (not loaded); recording null
q5 [tpch]: SKIPPED (not loaded); recording null
q6 [tpch]: SKIPPED (not loaded); recording null
q7 [tpch]: SKIPPED (not loaded); recording null
q8 [tpch]: SKIPPED (not loaded); recording null
q9 [tpch]: SKIPPED (not loaded); recording null
q10 [tpch]: SKIPPED (not loaded); recording null
q11 [tpch]: SKIPPED (not loaded); recording null
q12 [tpch]: SKIPPED (not loaded); recording null
q13 [tpch]: SKIPPED (not loaded); recording null
q14 [tpch]: SKIPPED (not loaded); recording null
q15 [tpch]: SKIPPED (not loaded); recording null
q16 [tpch]: SKIPPED (not loaded); recording null
q17 [tpch]: SKIPPED (not loaded); recording null
q18 [tpch]: SKIPPED (not loaded); recording null
q19 [tpch]: SKIPPED (not loaded); recording null
q20 [tpch]: SKIPPED (not loaded); recording null
q21 [tpch]: SKIPPED (not loaded); recording null
q22 [tpch]: SKIPPED (not loaded); recording null
q23 [tpcds]: [4.458, 0.408, 0.195, 0.215, 0.195, 0.194]
q24 [tpcds]: [13.241, 0.498, 0.402, 0.387, 0.392, 0.387]
q25 [tpcds]: [6.306, 0.065, 0.052, 0.077, 0.049, 0.048]
q26 [tpcds]: [113.621, 5.462, 5.572, 6.040, 5.679, 4.134]
q27 [tpcds]: [61.004, 0.649, 0.578, 0.587, 0.572, 0.584]
q28 [tpcds]: [21.579, 0.249, 0.228, 0.291, 0.229, 0.228]
q29 [tpcds]: [62.378, 0.720, 0.698, 0.764, 0.676, 0.667]
q30 [tpcds]: [28.062, 0.340, 0.334, 0.398, 0.326, 0.335]
q31 [tpcds]: [24.262, 1.548, 1.560, 1.683, 1.538, 1.536]
q32 [tpcds]: [37.643, 13.818, 13.864, 13.597, 13.450, 13.397]
q33 [tpcds]: [53.065, 3.430, 3.374, 3.348, 3.387, 3.407]
q34 [tpcds]: [4.743, 0.103, 0.098, 0.159, 0.095, 0.094]
q35 [tpcds]: [105.626, 0.777, 0.787, 1.019, 0.768, 0.780]
q36 [tpcds]: [59.761, 17.325, 17.562, 17.388, 17.801, 17.333]
q37 [tpcds]: [48.086, 12.045, 12.054, 12.009, 12.006, 12.056]
q38 [tpcds]: [4.602, 0.183, 0.172, 0.234, 0.172, 0.174]
q39 [tpcds]: [18.835, 0.348, 0.343, 0.407, 0.341, 0.342]
q40 [tpcds]: [52.600, 0.791, 0.771, 0.805, 0.770, 0.771]
q41 [tpcds]: [27.481, 0.928, 0.904, 0.912, 0.959, 1.055]
q42 [tpcds]: [28.303, 0.191, 0.185, 0.209, 0.184, 0.182]
q43 [tpcds]: [3.452, 0.132, 0.133, 0.196, 0.121, 0.124]
q44 [tpcds]: [1.199, 0.498, 0.410, 0.459, 0.453, 0.420]
q45 [tpcds]: [4.396, 1.921, 2.146, 1.166, 0.681, 0.588]
q46 [tpcds]: [61.331, 12.720, 12.834, 12.820, 12.696, 12.473]
q47 [tpcds]: [61.529, 12.764, 12.819, 12.789, 12.879, 12.873]
q48 [tpcds]: [41.243, 0.779, 0.748, 0.804, 0.757, 0.751]
q49 [tpcds]: [40.936, 0.786, 0.740, 0.795, 0.759, 0.752]
q50 [tpcds]: [55.065, 0.706, 0.677, 0.704, 0.673, 0.679]
q51 [tpcds]: [14.251, 0.266, 0.253, 0.279, 0.251, 0.255]
q52 [tpcds]: [51.193, 0.649, 0.613, 0.621, 0.614, 0.616]
q53 [tpcds]: [26.068, 1.209, 1.236, 1.204, 1.204, 1.203]
q54 [tpcds]: [58.909, 0.872, 0.849, 0.868, 0.839, 0.839]
q55 [tpcds]: [2.011, 0.311, 0.240, 0.259, 0.246, 0.233]
q56 [tpcds]: [34.186, 1.477, 1.496, 1.493, 1.490, 1.518]
q57 [tpcds]: [3.102, 0.148, 0.147, 0.228, 0.145, 0.144]
q58 [tpcds]: [38.663, 0.574, 0.513, 0.534, 0.515, 0.510]
q59 [tpcds]: [45.188, 0.525, 0.511, 0.526, 0.516, 0.509]
q60 [tpcds]: FAILED (error): 51.637 Received exception from server (version 26.7.5): Code: 241. DB::Exception: Received from localhost:9000. DB::Exception: (total) memory limit exceeded: would use 48.98 GiB (attempt to allocate c
q60 [tpcds]: [null, null, null, null, null, null]
q61 [tpcds]: [32.421, 0.506, 0.463, 0.455, 0.485, 0.497]
q62 [tpcds]: [12.175, 0.227, 0.219, 0.217, 0.218, 0.218]
q63 [tpcds]: [31.830, 20.117, 20.192, 20.126, 20.138, 20.188]
q64 [tpcds]: [1.908, 0.949, 0.591, 0.908, 0.958, 0.602]
q65 [tpcds]: [1.675, 0.920, 0.721, 1.010, 0.668, 0.558]
q66 [tpcds]: [6.563, 0.179, 0.122, 0.148, 0.120, 0.118]
q67 [tpcds]: [0.641, 0.053, 0.043, 0.041, 0.042, 0.040]
q68 [tpcds]: [14.822, 0.095, 0.092, 0.116, 0.090, 0.091]
q69 [tpcds]: [21.338, 0.458, 0.446, 0.454, 0.420, 0.422]
q70 [tpcds]: [16.848, 0.324, 0.296, 0.297, 0.296, 0.299]
q71 [tpcds]: [6.419, 0.227, 0.153, 0.185, 0.155, 0.159]
q72 [tpcds]: [68.362, 0.753, 0.740, 0.769, 0.740, 0.735]
q73 [tpcds]: [24.097, 3.623, 3.602, 3.595, 3.623, 3.608]
q74 [tpcds]: [59.846, 0.567, 0.554, 0.640, 0.553, 0.555]
q75 [tpcds]: [76.037, 0.754, 0.654, 0.658, 0.656, 0.653]
q76 [tpcds]: [39.416, 0.508, 0.495, 0.588, 0.493, 0.495]
q77 [tpcds]: [18.989, 2.496, 2.455, 2.522, 2.446, 2.409]
q78 [tpcds]: [14.510, 0.101, 0.095, 0.119, 0.095, 0.094]
q79 [tpcds]: [21.265, 0.230, 0.228, 0.260, 0.220, 0.222]
q80 [tpcds]: [34.214, 0.505, 0.471, 0.496, 0.476, 0.476]
q81 [tpcds]: [14.641, 0.101, 0.094, 0.120, 0.093, 0.094]
q82 [tpcds]: [37.200, 0.420, 0.342, 0.367, 0.343, 0.344]
q83 [tpcds]: [7.112, 1.482, 1.507, 1.506, 1.496, 1.517]
q84 [tpcds]: [23.362, 0.487, 0.450, 0.455, 0.448, 0.452]
q85 [tpcds]: [21.889, 1.153, 1.030, 1.039, 1.044, 1.038]
q86 [tpcds]: [39.073, 0.537, 0.478, 0.492, 0.473, 0.469]
q87 [tpcds]: [42.579, 0.660, 0.635, 0.642, 0.628, 0.626]
q88 [tpcds]: [7.595, 0.204, 0.188, 0.278, 0.181, 0.181]
q89 [tpcds]: [21.209, 0.219, 0.220, 0.254, 0.215, 0.215]
q90 [tpcds]: [12.782, 7.107, 0.591, 0.588, 0.586, 0.581]
q91 [tpcds]: [22.886, 1.672, 1.637, 1.672, 1.678, 1.648]
q92 [tpcds]: [36.877, 0.634, 0.561, 0.611, 0.481, 0.467]
q93 [tpcds]: [110.282, 87.490, 91.364, 88.983, 90.885, 98.254]
q94 [tpcds]: [80.467, 0.738, 0.732, 0.758, 0.720, 0.725]
q95 [tpcds]: [199.677, 226.523, 172.341, 235.524, 188.487, 197.280]
q96 [tpcds]: [22.703, 0.719, 0.722, 0.723, 0.722, 0.736]
q97 [tpcds]: [34.934, 0.161, 0.160, 0.178, 0.152, 0.152]
q98 [tpcds]: [33.946, 18.051, 18.113, 18.225, 18.267, 18.404]
q99 [tpcds]: [43.817, 0.505, 0.490, 0.506, 0.489, 0.489]
q100 [tpcds]: [40.264, 2.594, 2.503, 2.515, 2.531, 2.492]
q101 [tpcds]: [55.976, 9.405, 8.732, 8.890, 8.716, 8.588]
q102 [tpcds]: [40.392, 0.337, 0.314, 0.333, 0.311, 0.310]
q103 [tpcds]: [50.218, 0.550, 0.516, 0.525, 0.513, 0.521]
q104 [tpcds]: [79.262, 3.457, 3.157, 3.451, 3.394, 3.177]
q105 [tpcds]: [66.530, 0.719, 0.720, 0.722, 0.707, 0.699]
q106 [tpcds]: [50.876, 0.467, 0.421, 0.422, 0.408, 0.411]
q107 [tpcds]: [1.917, 0.444, 0.380, 0.402, 0.384, 0.390]
q108 [tpcds]: [11.230, 0.244, 0.238, 0.238, 0.238, 0.240]
q109 [tpcds]: [1.551, 0.191, 0.124, 0.179, 0.120, 0.113]
q110 [tpcds]: [0.671, 0.057, 0.056, 0.054, 0.059, 0.057]
q111 [tpcds]: [12.865, 0.213, 0.214, 0.293, 0.200, 0.200]
q112 [tpcds]: [2.962, 0.234, 0.128, 0.157, 0.159, 0.155]
q113 [tpcds]: [30.198, 20.518, 20.543, 20.417, 20.656, 20.566]
q114 [tpcds]: [25.878, 2.764, 2.767, 2.760, 2.759, 2.743]
q115 [tpcds]: [15.588, 0.221, 0.248, 0.246, 0.208, 0.206]
q116 [tpcds]: [5.160, 0.155, 0.151, 0.155, 0.157, 0.156]
q117 [tpcds]: [0.444, 0.062, 0.060, 0.079, 0.056, 0.056]
q118 [tpcds]: [2.861, 0.112, 0.109, 0.197, 0.108, 0.112]
q119 [tpcds]: [38.288, 1.200, 1.166, 1.231, 1.184, 1.184]
q120 [tpcds]: [15.544, 0.229, 0.227, 0.288, 0.222, 0.217]
q121 [tpcds]: [49.725, 38.739, 39.110, 38.390, 38.466, 38.369]
q122 [tpcds]: [23.659, 0.331, 0.325, 0.327, 0.328, 0.327]
q123 [tpcds]: [23.078, 2.751, 2.802, 2.929, 2.774, 2.818]
q124 [tpcds]: [14.751, 0.226, 0.216, 0.279, 0.220, 0.216]
q125 [tpcds]: [13.088, 0.366, 0.329, 0.402, 0.301, 0.306]
q126 [job]: SKIPPED (not loaded); recording null
q127 [job]: SKIPPED (not loaded); recording null
q128 [job]: SKIPPED (not loaded); recording null
q129 [job]: SKIPPED (not loaded); recording null
q130 [job]: SKIPPED (not loaded); recording null
q131 [job]: SKIPPED (not loaded); recording null
q132 [job]: SKIPPED (not loaded); recording null
q133 [job]: SKIPPED (not loaded); recording null
q134 [job]: SKIPPED (not loaded); recording null
q135 [job]: SKIPPED (not loaded); recording null
q136 [job]: SKIPPED (not loaded); recording null
q137 [job]: SKIPPED (not loaded); recording null
q138 [job]: SKIPPED (not loaded); recording null
q139 [job]: SKIPPED (not loaded); recording null
q140 [job]: SKIPPED (not loaded); recording null
q141 [job]: SKIPPED (not loaded); recording null
q142 [job]: SKIPPED (not loaded); recording null
q143 [job]: SKIPPED (not loaded); recording null
q144 [job]: SKIPPED (not loaded); recording null
q145 [job]: SKIPPED (not loaded); recording null
q146 [job]: SKIPPED (not loaded); recording null
q147 [job]: SKIPPED (not loaded); recording null
q148 [job]: SKIPPED (not loaded); recording null
q149 [job]: SKIPPED (not loaded); recording null
q150 [job]: SKIPPED (not loaded); recording null
q151 [job]: SKIPPED (not loaded); recording null
q152 [job]: SKIPPED (not loaded); recording null
q153 [job]: SKIPPED (not loaded); recording null
q154 [job]: SKIPPED (not loaded); recording null
q155 [job]: SKIPPED (not loaded); recording null
q156 [job]: SKIPPED (not loaded); recording null
q157 [job]: SKIPPED (not loaded); recording null
q158 [job]: SKIPPED (not loaded); recording null
q159 [job]: SKIPPED (not loaded); recording null
q160 [job]: SKIPPED (not loaded); recording null
q161 [job]: SKIPPED (not loaded); recording null
q162 [job]: SKIPPED (not loaded); recording null
q163 [job]: SKIPPED (not loaded); recording null
q164 [job]: SKIPPED (not loaded); recording null
q165 [job]: SKIPPED (not loaded); recording null
q166 [job]: SKIPPED (not loaded); recording null
q167 [job]: SKIPPED (not loaded); recording null
q168 [job]: SKIPPED (not loaded); recording null
q169 [job]: SKIPPED (not loaded); recording null
q170 [job]: SKIPPED (not loaded); recording null
q171 [job]: SKIPPED (not loaded); recording null
q172 [job]: SKIPPED (not loaded); recording null
q173 [job]: SKIPPED (not loaded); recording null
q174 [job]: SKIPPED (not loaded); recording null
q175 [job]: SKIPPED (not loaded); recording null
q176 [job]: SKIPPED (not loaded); recording null
q177 [job]: SKIPPED (not loaded); recording null
q178 [job]: SKIPPED (not loaded); recording null
q179 [job]: SKIPPED (not loaded); recording null
q180 [job]: SKIPPED (not loaded); recording null
q181 [job]: SKIPPED (not loaded); recording null
q182 [job]: SKIPPED (not loaded); recording null
q183 [job]: SKIPPED (not loaded); recording null
q184 [job]: SKIPPED (not loaded); recording null
q185 [job]: SKIPPED (not loaded); recording null
q186 [job]: SKIPPED (not loaded); recording null
q187 [job]: SKIPPED (not loaded); recording null
q188 [job]: SKIPPED (not loaded); recording null
q189 [job]: SKIPPED (not loaded); recording null
q190 [job]: SKIPPED (not loaded); recording null
q191 [job]: SKIPPED (not loaded); recording null
q192 [job]: SKIPPED (not loaded); recording null
q193 [job]: SKIPPED (not loaded); recording null
q194 [job]: SKIPPED (not loaded); recording null
q195 [job]: SKIPPED (not loaded); recording null
q196 [job]: SKIPPED (not loaded); recording null
q197 [job]: SKIPPED (not loaded); recording null
q198 [job]: SKIPPED (not loaded); recording null
q199 [job]: SKIPPED (not loaded); recording null
q200 [job]: SKIPPED (not loaded); recording null
q201 [job]: SKIPPED (not loaded); recording null
q202 [job]: SKIPPED (not loaded); recording null
q203 [job]: SKIPPED (not loaded); recording null
q204 [job]: SKIPPED (not loaded); recording null
q205 [job]: SKIPPED (not loaded); recording null
q206 [job]: SKIPPED (not loaded); recording null
q207 [job]: SKIPPED (not loaded); recording null
q208 [job]: SKIPPED (not loaded); recording null
q209 [job]: SKIPPED (not loaded); recording null
q210 [job]: SKIPPED (not loaded); recording null
q211 [job]: SKIPPED (not loaded); recording null
q212 [job]: SKIPPED (not loaded); recording null
q213 [job]: SKIPPED (not loaded); recording null
q214 [job]: SKIPPED (not loaded); recording null
q215 [job]: SKIPPED (not loaded); recording null
q216 [job]: SKIPPED (not loaded); recording null
q217 [job]: SKIPPED (not loaded); recording null
q218 [job]: SKIPPED (not loaded); recording null
q219 [job]: SKIPPED (not loaded); recording null
q220 [job]: SKIPPED (not loaded); recording null
q221 [job]: SKIPPED (not loaded); recording null
q222 [job]: SKIPPED (not loaded); recording null
q223 [job]: SKIPPED (not loaded); recording null
q224 [job]: SKIPPED (not loaded); recording null
q225 [job]: SKIPPED (not loaded); recording null
q226 [job]: SKIPPED (not loaded); recording null
q227 [job]: SKIPPED (not loaded); recording null
q228 [job]: SKIPPED (not loaded); recording null
q229 [job]: SKIPPED (not loaded); recording null
q230 [job]: SKIPPED (not loaded); recording null
q231 [job]: SKIPPED (not loaded); recording null
q232 [job]: SKIPPED (not loaded); recording null
q233 [job]: SKIPPED (not loaded); recording null
q234 [job]: SKIPPED (not loaded); recording null
q235 [job]: SKIPPED (not loaded); recording null
q236 [job]: SKIPPED (not loaded); recording null
q237 [job]: SKIPPED (not loaded); recording null
q238 [job]: SKIPPED (not loaded); recording null
wrote /home/ubuntu/ClickBench/joins-focus/results/clickhouse/20260910T200443Z.json
ClickHouse 26.7.5.10: tpch 0/22  tpcds 102/103  job 0/113   load_time {'tpcds': 993}
=== tpch: not loaded; no results dumped ===
=== dumping tpcds results ===
tpcds q1: clickhouse ok, 100 rows
tpcds q2: clickhouse ok, 2513 rows
tpcds q3: clickhouse ok, 100 rows
tpcds q4: clickhouse ok, 100 rows
tpcds q5: clickhouse ok, 100 rows
tpcds q6: clickhouse ok, 52 rows
tpcds q7: clickhouse ok, 100 rows
tpcds q8: clickhouse ok, 10 rows
tpcds q9: clickhouse ok, 1 rows
tpcds q10: clickhouse ok, 100 rows
tpcds q11: clickhouse ok, 100 rows
tpcds q12: clickhouse ok, 100 rows
tpcds q13: clickhouse ok, 1 rows
tpcds q14: clickhouse ok, 100 rows
tpcds q15: clickhouse ok, 100 rows
tpcds q16: clickhouse ok, 100 rows
tpcds q17: clickhouse ok, 1 rows
tpcds q18: clickhouse ok, 33 rows
tpcds q19: clickhouse ok, 100 rows
tpcds q20: clickhouse ok, 100 rows
tpcds q21: clickhouse ok, 100 rows
tpcds q22: clickhouse ok, 100 rows
tpcds q23: clickhouse ok, 100 rows
tpcds q24: clickhouse ok, 1 rows
tpcds q25: clickhouse ok, 100 rows
tpcds q26: clickhouse ok, 48 rows
tpcds q27: clickhouse ok, 35 rows
tpcds q28: clickhouse ok, 16 rows
tpcds q29: clickhouse ok, 100 rows
tpcds q30: clickhouse ok, 100 rows
tpcds q31: clickhouse ok, 1 rows
tpcds q32: clickhouse ok, 71 rows
tpcds q33: clickhouse ok, 100 rows
tpcds q34: clickhouse ok, 290 rows
tpcds q35: clickhouse ok, 1 rows
tpcds q36: clickhouse ok, 100 rows
tpcds q37: clickhouse ok, 5532 rows
tpcds q38: clickhouse oom, 0 rows
tpcds q39: clickhouse ok, 100 rows
tpcds q40: clickhouse ok, 3 rows
tpcds q41: clickhouse ok, 1 rows
tpcds q42: clickhouse ok, 7367 rows
tpcds q43: clickhouse ok, 297 rows
tpcds q44: clickhouse ok, 100 rows
tpcds q45: clickhouse ok, 100 rows
tpcds q46: clickhouse ok, 11 rows
tpcds q47: clickhouse ok, 100 rows
tpcds q48: clickhouse ok, 10 rows
tpcds q49: clickhouse ok, 100 rows
tpcds q50: clickhouse ok, 100 rows
tpcds q51: clickhouse ok, 100 rows
tpcds q52: clickhouse ok, 1 rows
tpcds q53: clickhouse ok, 100 rows
tpcds q54: clickhouse ok, 100 rows
tpcds q55: clickhouse ok, 100 rows
tpcds q56: clickhouse ok, 100 rows
tpcds q57: clickhouse ok, 100 rows
tpcds q58: clickhouse ok, 100 rows
tpcds q59: clickhouse ok, 100 rows
tpcds q60: clickhouse ok, 100 rows
tpcds q61: clickhouse ok, 100 rows
tpcds q62: clickhouse ok, 100 rows
tpcds q63: clickhouse ok, 100 rows
tpcds q64: clickhouse ok, 100 rows
tpcds q65: clickhouse ok, 1 rows
tpcds q66: clickhouse ok, 100 rows
tpcds q67: clickhouse ok, 100 rows
tpcds q68: clickhouse ok, 472 rows
tpcds q69: clickhouse ok, 100 rows
tpcds q70: clickhouse ok, 15 rows
tpcds q71: clickhouse ok, 100 rows
tpcds q72: clickhouse ok, 100 rows
tpcds q73: clickhouse ok, 100 rows
tpcds q74: clickhouse ok, 20 rows
tpcds q75: clickhouse ok, 59586 rows
tpcds q76: clickhouse ok, 100 rows
tpcds q77: clickhouse ok, 117 rows
tpcds q78: clickhouse ok, 100 rows
tpcds q79: clickhouse ok, 100 rows
tpcds q80: clickhouse ok, 100 rows
tpcds q81: clickhouse ok, 100 rows
tpcds q82: clickhouse ok, 100 rows
tpcds q83: clickhouse ok, 100 rows
tpcds q84: clickhouse ok, 100 rows
tpcds q85: clickhouse ok, 100 rows
tpcds q86: clickhouse ok, 14 rows
tpcds q87: clickhouse ok, 100 rows
tpcds q88: clickhouse ok, 100 rows
tpcds q89: clickhouse ok, 52 rows
tpcds q90: clickhouse ok, 100 rows
tpcds q91: clickhouse ok, 1 rows
tpcds q92: clickhouse ok, 1 rows
tpcds q93: clickhouse ok, 100 rows
tpcds q94: clickhouse ok, 1 rows
tpcds q95: clickhouse ok, 30 rows
tpcds q96: clickhouse ok, 1 rows
tpcds q97: clickhouse ok, 100 rows
tpcds q98: clickhouse ok, 1 rows
tpcds q99: clickhouse ok, 1 rows
tpcds q100: clickhouse ok, 1 rows
tpcds q101: clickhouse ok, 1 rows
tpcds q102: clickhouse ok, 30579 rows
tpcds q103: clickhouse ok, 100 rows
=== job: not loaded; no results dumped ===
