page cache dropped before each query (6 tries: 1 cold + 5 hot)
starting 26.7.5.10 from image clickhouse/clickhouse-server:26.7.5.10
=== CREATE tpch tables ===
=== INSERT INTO tpch.nation SELECT * FROM file('/data/parquet/tpch/nation.parquet', Parquet)  (4.0K) ===
=== MATERIALIZE STATISTICS tpch.nation ===
statistics on tpch.nation: 0s
loaded tpch.nation: 25 rows in 0s
=== INSERT INTO tpch.region SELECT * FROM file('/data/parquet/tpch/region.parquet', Parquet)  (4.0K) ===
=== MATERIALIZE STATISTICS tpch.region ===
statistics on tpch.region: 0s
loaded tpch.region: 5 rows in 1s
=== INSERT INTO tpch.part SELECT * FROM file('/data/parquet/tpch/part.parquet', Parquet)  (608M) ===
=== MATERIALIZE STATISTICS tpch.part ===
statistics on tpch.part: 4s
loaded tpch.part: 20000000 rows in 4s
=== INSERT INTO tpch.supplier SELECT * FROM file('/data/parquet/tpch/supplier.parquet', Parquet)  (76M) ===
=== MATERIALIZE STATISTICS tpch.supplier ===
statistics on tpch.supplier: 0s
loaded tpch.supplier: 1000000 rows in 1s
=== INSERT INTO tpch.partsupp SELECT * FROM file('/data/parquet/tpch/partsupp.parquet', Parquet)  (4.1G) ===
=== MATERIALIZE STATISTICS tpch.partsupp ===
statistics on tpch.partsupp: 10s
loaded tpch.partsupp: 80000000 rows in 51s
=== INSERT INTO tpch.customer SELECT * FROM file('/data/parquet/tpch/customer.parquet', Parquet)  (1.2G) ===
=== MATERIALIZE STATISTICS tpch.customer ===
statistics on tpch.customer: 8s
loaded tpch.customer: 15000000 rows in 30s
=== INSERT INTO tpch.orders SELECT * FROM file('/data/parquet/tpch/orders.parquet', Parquet)  (6.1G) ===
=== MATERIALIZE STATISTICS tpch.orders ===
statistics on tpch.orders: 50s
loaded tpch.orders: 150000000 rows in 149s
=== INSERT INTO tpch.lineitem SELECT * FROM file('/data/parquet/tpch/lineitem.parquet', Parquet)  (22G) ===
=== MATERIALIZE STATISTICS tpch.lineitem ===
statistics on tpch.lineitem: 480s
loaded tpch.lineitem: 600037902 rows in 795s
=== all loads finished ===
benchmarking ClickHouse 26.7.5.10 (server reports 26.7.5.10)
=== tpcds: not fully loaded; skipping its queries, load time and size ===
=== job: not fully loaded; skipping its queries, load time and size ===
q1 [tpch]: [74.666, 0.656, 0.624, 0.595, 0.566, 0.564]
q2 [tpch]: [8.493, 0.272, 0.257, 0.323, 0.251, 0.255]
q3 [tpch]: [61.484, 0.740, 0.727, 0.749, 0.723, 0.725]
q4 [tpch]: [32.595, 0.564, 0.556, 0.524, 0.552, 0.547]
q5 [tpch]: [70.783, 0.648, 0.641, 0.671, 0.640, 0.648]
q6 [tpch]: [57.714, 0.288, 0.276, 0.299, 0.276, 0.282]
q7 [tpch]: [77.812, 0.638, 0.622, 0.657, 0.619, 0.623]
q8 [tpch]: [91.518, 0.673, 0.662, 0.681, 0.657, 0.653]
q9 [tpch]: [106.549, 1.300, 1.291, 1.314, 1.309, 1.293]
q10 [tpch]: [64.105, 1.121, 1.114, 1.152, 1.104, 1.111]
q11 [tpch]: [6.963, 0.194, 0.134, 0.130, 0.133, 0.132]
q12 [tpch]: [52.218, 0.432, 0.431, 0.450, 0.428, 0.431]
q13 [tpch]: [34.414, 1.197, 1.256, 1.299, 1.228, 1.157]
q14 [tpch]: [64.708, 0.314, 0.308, 0.333, 0.306, 0.312]
q15 [tpch]: [63.438, 0.580, 0.550, 0.566, 0.552, 0.548]
q16 [tpch]: [5.589, 0.270, 0.217, 0.221, 0.224, 0.212]
q17 [tpch]: [56.143, 0.496, 0.488, 0.540, 0.489, 0.490]
q18 [tpch]: [33.082, 1.503, 1.309, 1.417, 1.429, 1.354]
q19 [tpch]: [87.338, 0.581, 0.570, 0.616, 0.578, 0.577]
q20 [tpch]: [68.534, 1.738, 1.847, 1.833, 1.764, 1.853]
q21 [tpch]: [48.320, 1.867, 1.859, 1.910, 1.924, 1.935]
q22 [tpch]: [6.323, 0.246, 0.238, 0.328, 0.239, 0.225]
q23 [tpcds]: SKIPPED (not loaded); recording null
q24 [tpcds]: SKIPPED (not loaded); recording null
q25 [tpcds]: SKIPPED (not loaded); recording null
q26 [tpcds]: SKIPPED (not loaded); recording null
q27 [tpcds]: SKIPPED (not loaded); recording null
q28 [tpcds]: SKIPPED (not loaded); recording null
q29 [tpcds]: SKIPPED (not loaded); recording null
q30 [tpcds]: SKIPPED (not loaded); recording null
q31 [tpcds]: SKIPPED (not loaded); recording null
q32 [tpcds]: SKIPPED (not loaded); recording null
q33 [tpcds]: SKIPPED (not loaded); recording null
q34 [tpcds]: SKIPPED (not loaded); recording null
q35 [tpcds]: SKIPPED (not loaded); recording null
q36 [tpcds]: SKIPPED (not loaded); recording null
q37 [tpcds]: SKIPPED (not loaded); recording null
q38 [tpcds]: SKIPPED (not loaded); recording null
q39 [tpcds]: SKIPPED (not loaded); recording null
q40 [tpcds]: SKIPPED (not loaded); recording null
q41 [tpcds]: SKIPPED (not loaded); recording null
q42 [tpcds]: SKIPPED (not loaded); recording null
q43 [tpcds]: SKIPPED (not loaded); recording null
q44 [tpcds]: SKIPPED (not loaded); recording null
q45 [tpcds]: SKIPPED (not loaded); recording null
q46 [tpcds]: SKIPPED (not loaded); recording null
q47 [tpcds]: SKIPPED (not loaded); recording null
q48 [tpcds]: SKIPPED (not loaded); recording null
q49 [tpcds]: SKIPPED (not loaded); recording null
q50 [tpcds]: SKIPPED (not loaded); recording null
q51 [tpcds]: SKIPPED (not loaded); recording null
q52 [tpcds]: SKIPPED (not loaded); recording null
q53 [tpcds]: SKIPPED (not loaded); recording null
q54 [tpcds]: SKIPPED (not loaded); recording null
q55 [tpcds]: SKIPPED (not loaded); recording null
q56 [tpcds]: SKIPPED (not loaded); recording null
q57 [tpcds]: SKIPPED (not loaded); recording null
q58 [tpcds]: SKIPPED (not loaded); recording null
q59 [tpcds]: SKIPPED (not loaded); recording null
q60 [tpcds]: SKIPPED (not loaded); recording null
q61 [tpcds]: SKIPPED (not loaded); recording null
q62 [tpcds]: SKIPPED (not loaded); recording null
q63 [tpcds]: SKIPPED (not loaded); recording null
q64 [tpcds]: SKIPPED (not loaded); recording null
q65 [tpcds]: SKIPPED (not loaded); recording null
q66 [tpcds]: SKIPPED (not loaded); recording null
q67 [tpcds]: SKIPPED (not loaded); recording null
q68 [tpcds]: SKIPPED (not loaded); recording null
q69 [tpcds]: SKIPPED (not loaded); recording null
q70 [tpcds]: SKIPPED (not loaded); recording null
q71 [tpcds]: SKIPPED (not loaded); recording null
q72 [tpcds]: SKIPPED (not loaded); recording null
q73 [tpcds]: SKIPPED (not loaded); recording null
q74 [tpcds]: SKIPPED (not loaded); recording null
q75 [tpcds]: SKIPPED (not loaded); recording null
q76 [tpcds]: SKIPPED (not loaded); recording null
q77 [tpcds]: SKIPPED (not loaded); recording null
q78 [tpcds]: SKIPPED (not loaded); recording null
q79 [tpcds]: SKIPPED (not loaded); recording null
q80 [tpcds]: SKIPPED (not loaded); recording null
q81 [tpcds]: SKIPPED (not loaded); recording null
q82 [tpcds]: SKIPPED (not loaded); recording null
q83 [tpcds]: SKIPPED (not loaded); recording null
q84 [tpcds]: SKIPPED (not loaded); recording null
q85 [tpcds]: SKIPPED (not loaded); recording null
q86 [tpcds]: SKIPPED (not loaded); recording null
q87 [tpcds]: SKIPPED (not loaded); recording null
q88 [tpcds]: SKIPPED (not loaded); recording null
q89 [tpcds]: SKIPPED (not loaded); recording null
q90 [tpcds]: SKIPPED (not loaded); recording null
q91 [tpcds]: SKIPPED (not loaded); recording null
q92 [tpcds]: SKIPPED (not loaded); recording null
q93 [tpcds]: SKIPPED (not loaded); recording null
q94 [tpcds]: SKIPPED (not loaded); recording null
q95 [tpcds]: SKIPPED (not loaded); recording null
q96 [tpcds]: SKIPPED (not loaded); recording null
q97 [tpcds]: SKIPPED (not loaded); recording null
q98 [tpcds]: SKIPPED (not loaded); recording null
q99 [tpcds]: SKIPPED (not loaded); recording null
q100 [tpcds]: SKIPPED (not loaded); recording null
q101 [tpcds]: SKIPPED (not loaded); recording null
q102 [tpcds]: SKIPPED (not loaded); recording null
q103 [tpcds]: SKIPPED (not loaded); recording null
q104 [tpcds]: SKIPPED (not loaded); recording null
q105 [tpcds]: SKIPPED (not loaded); recording null
q106 [tpcds]: SKIPPED (not loaded); recording null
q107 [tpcds]: SKIPPED (not loaded); recording null
q108 [tpcds]: SKIPPED (not loaded); recording null
q109 [tpcds]: SKIPPED (not loaded); recording null
q110 [tpcds]: SKIPPED (not loaded); recording null
q111 [tpcds]: SKIPPED (not loaded); recording null
q112 [tpcds]: SKIPPED (not loaded); recording null
q113 [tpcds]: SKIPPED (not loaded); recording null
q114 [tpcds]: SKIPPED (not loaded); recording null
q115 [tpcds]: SKIPPED (not loaded); recording null
q116 [tpcds]: SKIPPED (not loaded); recording null
q117 [tpcds]: SKIPPED (not loaded); recording null
q118 [tpcds]: SKIPPED (not loaded); recording null
q119 [tpcds]: SKIPPED (not loaded); recording null
q120 [tpcds]: SKIPPED (not loaded); recording null
q121 [tpcds]: SKIPPED (not loaded); recording null
q122 [tpcds]: SKIPPED (not loaded); recording null
q123 [tpcds]: SKIPPED (not loaded); recording null
q124 [tpcds]: SKIPPED (not loaded); recording null
q125 [tpcds]: SKIPPED (not loaded); recording null
q126 [job]: SKIPPED (not loaded); recording null
q127 [job]: SKIPPED (not loaded); recording null
q128 [job]: SKIPPED (not loaded); recording null
q129 [job]: SKIPPED (not loaded); recording null
q130 [job]: SKIPPED (not loaded); recording null
q131 [job]: SKIPPED (not loaded); recording null
q132 [job]: SKIPPED (not loaded); recording null
q133 [job]: SKIPPED (not loaded); recording null
q134 [job]: SKIPPED (not loaded); recording null
q135 [job]: SKIPPED (not loaded); recording null
q136 [job]: SKIPPED (not loaded); recording null
q137 [job]: SKIPPED (not loaded); recording null
q138 [job]: SKIPPED (not loaded); recording null
q139 [job]: SKIPPED (not loaded); recording null
q140 [job]: SKIPPED (not loaded); recording null
q141 [job]: SKIPPED (not loaded); recording null
q142 [job]: SKIPPED (not loaded); recording null
q143 [job]: SKIPPED (not loaded); recording null
q144 [job]: SKIPPED (not loaded); recording null
q145 [job]: SKIPPED (not loaded); recording null
q146 [job]: SKIPPED (not loaded); recording null
q147 [job]: SKIPPED (not loaded); recording null
q148 [job]: SKIPPED (not loaded); recording null
q149 [job]: SKIPPED (not loaded); recording null
q150 [job]: SKIPPED (not loaded); recording null
q151 [job]: SKIPPED (not loaded); recording null
q152 [job]: SKIPPED (not loaded); recording null
q153 [job]: SKIPPED (not loaded); recording null
q154 [job]: SKIPPED (not loaded); recording null
q155 [job]: SKIPPED (not loaded); recording null
q156 [job]: SKIPPED (not loaded); recording null
q157 [job]: SKIPPED (not loaded); recording null
q158 [job]: SKIPPED (not loaded); recording null
q159 [job]: SKIPPED (not loaded); recording null
q160 [job]: SKIPPED (not loaded); recording null
q161 [job]: SKIPPED (not loaded); recording null
q162 [job]: SKIPPED (not loaded); recording null
q163 [job]: SKIPPED (not loaded); recording null
q164 [job]: SKIPPED (not loaded); recording null
q165 [job]: SKIPPED (not loaded); recording null
q166 [job]: SKIPPED (not loaded); recording null
q167 [job]: SKIPPED (not loaded); recording null
q168 [job]: SKIPPED (not loaded); recording null
q169 [job]: SKIPPED (not loaded); recording null
q170 [job]: SKIPPED (not loaded); recording null
q171 [job]: SKIPPED (not loaded); recording null
q172 [job]: SKIPPED (not loaded); recording null
q173 [job]: SKIPPED (not loaded); recording null
q174 [job]: SKIPPED (not loaded); recording null
q175 [job]: SKIPPED (not loaded); recording null
q176 [job]: SKIPPED (not loaded); recording null
q177 [job]: SKIPPED (not loaded); recording null
q178 [job]: SKIPPED (not loaded); recording null
q179 [job]: SKIPPED (not loaded); recording null
q180 [job]: SKIPPED (not loaded); recording null
q181 [job]: SKIPPED (not loaded); recording null
q182 [job]: SKIPPED (not loaded); recording null
q183 [job]: SKIPPED (not loaded); recording null
q184 [job]: SKIPPED (not loaded); recording null
q185 [job]: SKIPPED (not loaded); recording null
q186 [job]: SKIPPED (not loaded); recording null
q187 [job]: SKIPPED (not loaded); recording null
q188 [job]: SKIPPED (not loaded); recording null
q189 [job]: SKIPPED (not loaded); recording null
q190 [job]: SKIPPED (not loaded); recording null
q191 [job]: SKIPPED (not loaded); recording null
q192 [job]: SKIPPED (not loaded); recording null
q193 [job]: SKIPPED (not loaded); recording null
q194 [job]: SKIPPED (not loaded); recording null
q195 [job]: SKIPPED (not loaded); recording null
q196 [job]: SKIPPED (not loaded); recording null
q197 [job]: SKIPPED (not loaded); recording null
q198 [job]: SKIPPED (not loaded); recording null
q199 [job]: SKIPPED (not loaded); recording null
q200 [job]: SKIPPED (not loaded); recording null
q201 [job]: SKIPPED (not loaded); recording null
q202 [job]: SKIPPED (not loaded); recording null
q203 [job]: SKIPPED (not loaded); recording null
q204 [job]: SKIPPED (not loaded); recording null
q205 [job]: SKIPPED (not loaded); recording null
q206 [job]: SKIPPED (not loaded); recording null
q207 [job]: SKIPPED (not loaded); recording null
q208 [job]: SKIPPED (not loaded); recording null
q209 [job]: SKIPPED (not loaded); recording null
q210 [job]: SKIPPED (not loaded); recording null
q211 [job]: SKIPPED (not loaded); recording null
q212 [job]: SKIPPED (not loaded); recording null
q213 [job]: SKIPPED (not loaded); recording null
q214 [job]: SKIPPED (not loaded); recording null
q215 [job]: SKIPPED (not loaded); recording null
q216 [job]: SKIPPED (not loaded); recording null
q217 [job]: SKIPPED (not loaded); recording null
q218 [job]: SKIPPED (not loaded); recording null
q219 [job]: SKIPPED (not loaded); recording null
q220 [job]: SKIPPED (not loaded); recording null
q221 [job]: SKIPPED (not loaded); recording null
q222 [job]: SKIPPED (not loaded); recording null
q223 [job]: SKIPPED (not loaded); recording null
q224 [job]: SKIPPED (not loaded); recording null
q225 [job]: SKIPPED (not loaded); recording null
q226 [job]: SKIPPED (not loaded); recording null
q227 [job]: SKIPPED (not loaded); recording null
q228 [job]: SKIPPED (not loaded); recording null
q229 [job]: SKIPPED (not loaded); recording null
q230 [job]: SKIPPED (not loaded); recording null
q231 [job]: SKIPPED (not loaded); recording null
q232 [job]: SKIPPED (not loaded); recording null
q233 [job]: SKIPPED (not loaded); recording null
q234 [job]: SKIPPED (not loaded); recording null
q235 [job]: SKIPPED (not loaded); recording null
q236 [job]: SKIPPED (not loaded); recording null
q237 [job]: SKIPPED (not loaded); recording null
q238 [job]: SKIPPED (not loaded); recording null
wrote /home/ubuntu/ClickBench/joins-focus/results/clickhouse/20260909T175040Z.json
ClickHouse 26.7.5.10: tpch 22/22  tpcds 0/103  job 0/113   load_time {'tpch': 1031}
=== dumping tpch results ===
tpch q1: clickhouse ok, 4 rows
tpch q2: clickhouse ok, 100 rows
tpch q3: clickhouse ok, 10 rows
tpch q4: clickhouse ok, 5 rows
tpch q5: clickhouse ok, 5 rows
tpch q6: clickhouse ok, 1 rows
tpch q7: clickhouse ok, 4 rows
tpch q8: clickhouse ok, 2 rows
tpch q9: clickhouse ok, 175 rows
tpch q10: clickhouse ok, 20 rows
tpch q11: clickhouse empty, 0 rows
tpch q12: clickhouse ok, 2 rows
tpch q13: clickhouse ok, 45 rows
tpch q14: clickhouse ok, 1 rows
tpch q15: clickhouse ok, 1 rows
tpch q16: clickhouse ok, 27840 rows
tpch q17: clickhouse ok, 1 rows
tpch q18: clickhouse ok, 100 rows
tpch q19: clickhouse ok, 1 rows
tpch q20: clickhouse ok, 17971 rows
tpch q21: clickhouse ok, 100 rows
tpch q22: clickhouse ok, 7 rows
=== tpcds: not loaded; no results dumped ===
=== job: not loaded; no results dumped ===
