page cache dropped before each query (6 tries: 1 cold + 5 hot)
starting CedarDB v2026-08-20 (cedardb/cedardb:v2026-08-20)
CedarDB up (PostgreSQL 16.3 compatible CedarDB v2026-08-20, compiled on 2026-08-20, x86_64 build)
=== CREATE tpch tables ===
=== tpch: INSERT INTO tpch.nation SELECT * FROM '/data/parquet/tpch/nation.parquet'; ===
=== tpch: INSERT INTO tpch.region SELECT * FROM '/data/parquet/tpch/region.parquet'; ===
=== tpch: INSERT INTO tpch.part SELECT * FROM '/data/parquet/tpch/part.parquet'; ===
=== tpch: INSERT INTO tpch.supplier SELECT * FROM '/data/parquet/tpch/supplier.parquet'; ===
=== tpch: INSERT INTO tpch.partsupp SELECT * FROM '/data/parquet/tpch/partsupp.parquet'; ===
=== tpch: INSERT INTO tpch.customer SELECT * FROM '/data/parquet/tpch/customer.parquet'; ===
=== tpch: INSERT INTO tpch.orders SELECT * FROM '/data/parquet/tpch/orders.parquet'; ===
=== tpch: INSERT INTO tpch.lineitem SELECT * FROM '/data/parquet/tpch/lineitem.parquet'; ===
=== ANALYZE tpch.nation ===
=== ANALYZE tpch.region ===
=== ANALYZE tpch.part ===
=== ANALYZE tpch.supplier ===
=== ANALYZE tpch.partsupp ===
=== ANALYZE tpch.customer ===
=== ANALYZE tpch.orders ===
=== ANALYZE tpch.lineitem ===
statistics on tpch: 399s
loaded tpch in 1631s, 44470505472 bytes
benchmarking CedarDB v2026-08-20 (reports PostgreSQL 16.3 compatible CedarDB v2026-08-20, compiled on 2026-08-20, x86_64 build)
=== tpcds: not fully loaded; skipping its queries, load time and size ===
=== job: not fully loaded; skipping its queries, load time and size ===
q1 [tpch]: [40.0602, 0.1740, 0.1744, 0.1722, 0.1729, 0.1761]
q2 [tpch]: [17.5701, 0.0297, 0.0259, 0.0251, 0.0268, 0.0257]
q3 [tpch]: [47.1647, 0.2891, 0.2839, 0.2834, 0.2820, 0.2853]
q4 [tpch]: [28.6386, 0.3103, 0.3028, 0.3026, 0.3030, 0.3021]
q5 [tpch]: [53.2249, 0.2735, 0.2709, 0.2711, 0.2705, 0.2671]
q6 [tpch]: [37.7287, 0.0261, 0.0241, 0.0239, 0.0243, 0.0252]
q7 [tpch]: [61.8616, 0.2060, 0.1997, 0.2001, 0.1988, 0.1988]
q8 [tpch]: [71.4444, 0.1497, 0.1497, 0.1483, 0.1501, 0.1484]
q9 [tpch]: [71.1627, 0.8682, 0.8637, 0.8643, 0.8643, 0.8642]
q10 [tpch]: [47.6804, 0.2370, 0.2348, 0.2321, 0.2314, 0.2337]
q11 [tpch]: [4.1443, 0.0339, 0.0313, 0.0316, 0.0309, 0.0320]
q12 [tpch]: [34.2057, 0.1090, 0.1072, 0.1065, 0.1072, 0.1076]
q13 [tpch]: [33.4251, 0.3498, 0.3403, 0.3422, 0.3438, 0.3422]
q14 [tpch]: [56.5091, 0.0667, 0.0721, 0.0650, 0.0656, 0.0653]
q15 [tpch]: [52.9887, 0.0553, 0.0546, 0.0545, 0.0543, 0.0550]
q16 [tpch]: [2.3410, 0.1826, 0.1715, 0.1807, 0.1757, 0.1776]
q17 [tpch]: [53.2341, 0.1187, 0.1208, 0.1206, 0.1194, 0.1219]
q18 [tpch]: [21.7483, 0.4509, 0.4250, 0.4020, 0.4008, 0.4073]
q19 [tpch]: [52.6009, 0.0407, 0.0404, 0.0406, 0.0408, 0.0384]
q20 [tpch]: [56.3554, 0.0658, 0.0660, 0.0634, 0.0640, 0.0632]
q21 [tpch]: [117.2326, 0.5502, 0.5490, 0.5490, 0.5427, 0.5410]
q22 [tpch]: [7.7810, 0.1157, 0.1152, 0.1162, 0.1170, 0.1150]
q23 [tpcds]: SKIPPED (not loaded); recording null
q24 [tpcds]: SKIPPED (not loaded); recording null
q25 [tpcds]: SKIPPED (not loaded); recording null
q26 [tpcds]: SKIPPED (not loaded); recording null
q27 [tpcds]: SKIPPED (not loaded); recording null
q28 [tpcds]: SKIPPED (not loaded); recording null
q29 [tpcds]: SKIPPED (not loaded); recording null
q30 [tpcds]: SKIPPED (not loaded); recording null
q31 [tpcds]: SKIPPED (not loaded); recording null
q32 [tpcds]: SKIPPED (not loaded); recording null
q33 [tpcds]: SKIPPED (not loaded); recording null
q34 [tpcds]: SKIPPED (not loaded); recording null
q35 [tpcds]: SKIPPED (not loaded); recording null
q36 [tpcds]: SKIPPED (not loaded); recording null
q37 [tpcds]: SKIPPED (not loaded); recording null
q38 [tpcds]: SKIPPED (not loaded); recording null
q39 [tpcds]: SKIPPED (not loaded); recording null
q40 [tpcds]: SKIPPED (not loaded); recording null
q41 [tpcds]: SKIPPED (not loaded); recording null
q42 [tpcds]: SKIPPED (not loaded); recording null
q43 [tpcds]: SKIPPED (not loaded); recording null
q44 [tpcds]: SKIPPED (not loaded); recording null
q45 [tpcds]: SKIPPED (not loaded); recording null
q46 [tpcds]: SKIPPED (not loaded); recording null
q47 [tpcds]: SKIPPED (not loaded); recording null
q48 [tpcds]: SKIPPED (not loaded); recording null
q49 [tpcds]: SKIPPED (not loaded); recording null
q50 [tpcds]: SKIPPED (not loaded); recording null
q51 [tpcds]: SKIPPED (not loaded); recording null
q52 [tpcds]: SKIPPED (not loaded); recording null
q53 [tpcds]: SKIPPED (not loaded); recording null
q54 [tpcds]: SKIPPED (not loaded); recording null
q55 [tpcds]: SKIPPED (not loaded); recording null
q56 [tpcds]: SKIPPED (not loaded); recording null
q57 [tpcds]: SKIPPED (not loaded); recording null
q58 [tpcds]: SKIPPED (not loaded); recording null
q59 [tpcds]: SKIPPED (not loaded); recording null
q60 [tpcds]: SKIPPED (not loaded); recording null
q61 [tpcds]: SKIPPED (not loaded); recording null
q62 [tpcds]: SKIPPED (not loaded); recording null
q63 [tpcds]: SKIPPED (not loaded); recording null
q64 [tpcds]: SKIPPED (not loaded); recording null
q65 [tpcds]: SKIPPED (not loaded); recording null
q66 [tpcds]: SKIPPED (not loaded); recording null
q67 [tpcds]: SKIPPED (not loaded); recording null
q68 [tpcds]: SKIPPED (not loaded); recording null
q69 [tpcds]: SKIPPED (not loaded); recording null
q70 [tpcds]: SKIPPED (not loaded); recording null
q71 [tpcds]: SKIPPED (not loaded); recording null
q72 [tpcds]: SKIPPED (not loaded); recording null
q73 [tpcds]: SKIPPED (not loaded); recording null
q74 [tpcds]: SKIPPED (not loaded); recording null
q75 [tpcds]: SKIPPED (not loaded); recording null
q76 [tpcds]: SKIPPED (not loaded); recording null
q77 [tpcds]: SKIPPED (not loaded); recording null
q78 [tpcds]: SKIPPED (not loaded); recording null
q79 [tpcds]: SKIPPED (not loaded); recording null
q80 [tpcds]: SKIPPED (not loaded); recording null
q81 [tpcds]: SKIPPED (not loaded); recording null
q82 [tpcds]: SKIPPED (not loaded); recording null
q83 [tpcds]: SKIPPED (not loaded); recording null
q84 [tpcds]: SKIPPED (not loaded); recording null
q85 [tpcds]: SKIPPED (not loaded); recording null
q86 [tpcds]: SKIPPED (not loaded); recording null
q87 [tpcds]: SKIPPED (not loaded); recording null
q88 [tpcds]: SKIPPED (not loaded); recording null
q89 [tpcds]: SKIPPED (not loaded); recording null
q90 [tpcds]: SKIPPED (not loaded); recording null
q91 [tpcds]: SKIPPED (not loaded); recording null
q92 [tpcds]: SKIPPED (not loaded); recording null
q93 [tpcds]: SKIPPED (not loaded); recording null
q94 [tpcds]: SKIPPED (not loaded); recording null
q95 [tpcds]: SKIPPED (not loaded); recording null
q96 [tpcds]: SKIPPED (not loaded); recording null
q97 [tpcds]: SKIPPED (not loaded); recording null
q98 [tpcds]: SKIPPED (not loaded); recording null
q99 [tpcds]: SKIPPED (not loaded); recording null
q100 [tpcds]: SKIPPED (not loaded); recording null
q101 [tpcds]: SKIPPED (not loaded); recording null
q102 [tpcds]: SKIPPED (not loaded); recording null
q103 [tpcds]: SKIPPED (not loaded); recording null
q104 [tpcds]: SKIPPED (not loaded); recording null
q105 [tpcds]: SKIPPED (not loaded); recording null
q106 [tpcds]: SKIPPED (not loaded); recording null
q107 [tpcds]: SKIPPED (not loaded); recording null
q108 [tpcds]: SKIPPED (not loaded); recording null
q109 [tpcds]: SKIPPED (not loaded); recording null
q110 [tpcds]: SKIPPED (not loaded); recording null
q111 [tpcds]: SKIPPED (not loaded); recording null
q112 [tpcds]: SKIPPED (not loaded); recording null
q113 [tpcds]: SKIPPED (not loaded); recording null
q114 [tpcds]: SKIPPED (not loaded); recording null
q115 [tpcds]: SKIPPED (not loaded); recording null
q116 [tpcds]: SKIPPED (not loaded); recording null
q117 [tpcds]: SKIPPED (not loaded); recording null
q118 [tpcds]: SKIPPED (not loaded); recording null
q119 [tpcds]: SKIPPED (not loaded); recording null
q120 [tpcds]: SKIPPED (not loaded); recording null
q121 [tpcds]: SKIPPED (not loaded); recording null
q122 [tpcds]: SKIPPED (not loaded); recording null
q123 [tpcds]: SKIPPED (not loaded); recording null
q124 [tpcds]: SKIPPED (not loaded); recording null
q125 [tpcds]: SKIPPED (not loaded); recording null
q126 [job]: SKIPPED (not loaded); recording null
q127 [job]: SKIPPED (not loaded); recording null
q128 [job]: SKIPPED (not loaded); recording null
q129 [job]: SKIPPED (not loaded); recording null
q130 [job]: SKIPPED (not loaded); recording null
q131 [job]: SKIPPED (not loaded); recording null
q132 [job]: SKIPPED (not loaded); recording null
q133 [job]: SKIPPED (not loaded); recording null
q134 [job]: SKIPPED (not loaded); recording null
q135 [job]: SKIPPED (not loaded); recording null
q136 [job]: SKIPPED (not loaded); recording null
q137 [job]: SKIPPED (not loaded); recording null
q138 [job]: SKIPPED (not loaded); recording null
q139 [job]: SKIPPED (not loaded); recording null
q140 [job]: SKIPPED (not loaded); recording null
q141 [job]: SKIPPED (not loaded); recording null
q142 [job]: SKIPPED (not loaded); recording null
q143 [job]: SKIPPED (not loaded); recording null
q144 [job]: SKIPPED (not loaded); recording null
q145 [job]: SKIPPED (not loaded); recording null
q146 [job]: SKIPPED (not loaded); recording null
q147 [job]: SKIPPED (not loaded); recording null
q148 [job]: SKIPPED (not loaded); recording null
q149 [job]: SKIPPED (not loaded); recording null
q150 [job]: SKIPPED (not loaded); recording null
q151 [job]: SKIPPED (not loaded); recording null
q152 [job]: SKIPPED (not loaded); recording null
q153 [job]: SKIPPED (not loaded); recording null
q154 [job]: SKIPPED (not loaded); recording null
q155 [job]: SKIPPED (not loaded); recording null
q156 [job]: SKIPPED (not loaded); recording null
q157 [job]: SKIPPED (not loaded); recording null
q158 [job]: SKIPPED (not loaded); recording null
q159 [job]: SKIPPED (not loaded); recording null
q160 [job]: SKIPPED (not loaded); recording null
q161 [job]: SKIPPED (not loaded); recording null
q162 [job]: SKIPPED (not loaded); recording null
q163 [job]: SKIPPED (not loaded); recording null
q164 [job]: SKIPPED (not loaded); recording null
q165 [job]: SKIPPED (not loaded); recording null
q166 [job]: SKIPPED (not loaded); recording null
q167 [job]: SKIPPED (not loaded); recording null
q168 [job]: SKIPPED (not loaded); recording null
q169 [job]: SKIPPED (not loaded); recording null
q170 [job]: SKIPPED (not loaded); recording null
q171 [job]: SKIPPED (not loaded); recording null
q172 [job]: SKIPPED (not loaded); recording null
q173 [job]: SKIPPED (not loaded); recording null
q174 [job]: SKIPPED (not loaded); recording null
q175 [job]: SKIPPED (not loaded); recording null
q176 [job]: SKIPPED (not loaded); recording null
q177 [job]: SKIPPED (not loaded); recording null
q178 [job]: SKIPPED (not loaded); recording null
q179 [job]: SKIPPED (not loaded); recording null
q180 [job]: SKIPPED (not loaded); recording null
q181 [job]: SKIPPED (not loaded); recording null
q182 [job]: SKIPPED (not loaded); recording null
q183 [job]: SKIPPED (not loaded); recording null
q184 [job]: SKIPPED (not loaded); recording null
q185 [job]: SKIPPED (not loaded); recording null
q186 [job]: SKIPPED (not loaded); recording null
q187 [job]: SKIPPED (not loaded); recording null
q188 [job]: SKIPPED (not loaded); recording null
q189 [job]: SKIPPED (not loaded); recording null
q190 [job]: SKIPPED (not loaded); recording null
q191 [job]: SKIPPED (not loaded); recording null
q192 [job]: SKIPPED (not loaded); recording null
q193 [job]: SKIPPED (not loaded); recording null
q194 [job]: SKIPPED (not loaded); recording null
q195 [job]: SKIPPED (not loaded); recording null
q196 [job]: SKIPPED (not loaded); recording null
q197 [job]: SKIPPED (not loaded); recording null
q198 [job]: SKIPPED (not loaded); recording null
q199 [job]: SKIPPED (not loaded); recording null
q200 [job]: SKIPPED (not loaded); recording null
q201 [job]: SKIPPED (not loaded); recording null
q202 [job]: SKIPPED (not loaded); recording null
q203 [job]: SKIPPED (not loaded); recording null
q204 [job]: SKIPPED (not loaded); recording null
q205 [job]: SKIPPED (not loaded); recording null
q206 [job]: SKIPPED (not loaded); recording null
q207 [job]: SKIPPED (not loaded); recording null
q208 [job]: SKIPPED (not loaded); recording null
q209 [job]: SKIPPED (not loaded); recording null
q210 [job]: SKIPPED (not loaded); recording null
q211 [job]: SKIPPED (not loaded); recording null
q212 [job]: SKIPPED (not loaded); recording null
q213 [job]: SKIPPED (not loaded); recording null
q214 [job]: SKIPPED (not loaded); recording null
q215 [job]: SKIPPED (not loaded); recording null
q216 [job]: SKIPPED (not loaded); recording null
q217 [job]: SKIPPED (not loaded); recording null
q218 [job]: SKIPPED (not loaded); recording null
q219 [job]: SKIPPED (not loaded); recording null
q220 [job]: SKIPPED (not loaded); recording null
q221 [job]: SKIPPED (not loaded); recording null
q222 [job]: SKIPPED (not loaded); recording null
q223 [job]: SKIPPED (not loaded); recording null
q224 [job]: SKIPPED (not loaded); recording null
q225 [job]: SKIPPED (not loaded); recording null
q226 [job]: SKIPPED (not loaded); recording null
q227 [job]: SKIPPED (not loaded); recording null
q228 [job]: SKIPPED (not loaded); recording null
q229 [job]: SKIPPED (not loaded); recording null
q230 [job]: SKIPPED (not loaded); recording null
q231 [job]: SKIPPED (not loaded); recording null
q232 [job]: SKIPPED (not loaded); recording null
q233 [job]: SKIPPED (not loaded); recording null
q234 [job]: SKIPPED (not loaded); recording null
q235 [job]: SKIPPED (not loaded); recording null
q236 [job]: SKIPPED (not loaded); recording null
q237 [job]: SKIPPED (not loaded); recording null
q238 [job]: SKIPPED (not loaded); recording null
wrote /home/ubuntu/ClickBench/joins-focus/results/cedardb/20260909T161137Z.json
CedarDB v2026-08-20: tpch 22/22  tpcds 0/103  job 0/113   load_time {'tpch': 1232}
=== dumping tpch results ===
tpch q1: cedardb ok, 4 rows
tpch q2: cedardb ok, 100 rows
tpch q3: cedardb ok, 10 rows
tpch q4: cedardb ok, 5 rows
tpch q5: cedardb ok, 5 rows
tpch q6: cedardb ok, 1 rows
tpch q7: cedardb ok, 4 rows
tpch q8: cedardb ok, 2 rows
tpch q9: cedardb ok, 175 rows
tpch q10: cedardb ok, 20 rows
tpch q11: cedardb empty, 0 rows
tpch q12: cedardb ok, 2 rows
tpch q13: cedardb ok, 45 rows
tpch q14: cedardb ok, 1 rows
tpch q15: cedardb ok, 1 rows
tpch q16: cedardb ok, 27840 rows
tpch q17: cedardb ok, 1 rows
tpch q18: cedardb ok, 100 rows
tpch q19: cedardb ok, 1 rows
tpch q20: cedardb ok, 17971 rows
tpch q21: cedardb ok, 100 rows
tpch q22: cedardb ok, 7 rows
=== tpcds: not loaded; no results dumped ===
=== job: not loaded; no results dumped ===
