page cache dropped before each query (6 tries: 1 cold + 5 hot)
starting CedarDB v2026-08-20 (cedardb/cedardb:v2026-08-20)
CedarDB up (PostgreSQL 16.3 compatible CedarDB v2026-08-20, compiled on 2026-08-20, x86_64 build)
=== CREATE job tables ===
=== job: INSERT INTO job.aka_name SELECT * FROM '/data/parquet/job/aka_name.parquet'; ===
=== job: INSERT INTO job.aka_title SELECT * FROM '/data/parquet/job/aka_title.parquet'; ===
=== job: INSERT INTO job.cast_info SELECT * FROM '/data/parquet/job/cast_info.parquet'; ===
=== job: INSERT INTO job.char_name SELECT * FROM '/data/parquet/job/char_name.parquet'; ===
=== job: INSERT INTO job.comp_cast_type SELECT * FROM '/data/parquet/job/comp_cast_type.parquet'; ===
=== job: INSERT INTO job.company_name SELECT * FROM '/data/parquet/job/company_name.parquet'; ===
=== job: INSERT INTO job.company_type SELECT * FROM '/data/parquet/job/company_type.parquet'; ===
=== job: INSERT INTO job.complete_cast SELECT * FROM '/data/parquet/job/complete_cast.parquet'; ===
=== job: INSERT INTO job.info_type SELECT * FROM '/data/parquet/job/info_type.parquet'; ===
=== job: INSERT INTO job.keyword SELECT * FROM '/data/parquet/job/keyword.parquet'; ===
=== job: INSERT INTO job.kind_type SELECT * FROM '/data/parquet/job/kind_type.parquet'; ===
=== job: INSERT INTO job.link_type SELECT * FROM '/data/parquet/job/link_type.parquet'; ===
=== job: INSERT INTO job.movie_companies SELECT * FROM '/data/parquet/job/movie_companies.parquet'; ===
=== job: INSERT INTO job.movie_info SELECT * FROM '/data/parquet/job/movie_info.parquet'; ===
=== job: INSERT INTO job.movie_info_idx SELECT * FROM '/data/parquet/job/movie_info_idx.parquet'; ===
=== job: INSERT INTO job.movie_keyword SELECT * FROM '/data/parquet/job/movie_keyword.parquet'; ===
=== job: INSERT INTO job.movie_link SELECT * FROM '/data/parquet/job/movie_link.parquet'; ===
=== job: INSERT INTO job.name SELECT * FROM '/data/parquet/job/name.parquet'; ===
=== job: INSERT INTO job.person_info SELECT * FROM '/data/parquet/job/person_info.parquet'; ===
=== job: INSERT INTO job.role_type SELECT * FROM '/data/parquet/job/role_type.parquet'; ===
=== job: INSERT INTO job.title SELECT * FROM '/data/parquet/job/title.parquet'; ===
=== ANALYZE job.aka_name ===
=== ANALYZE job.aka_title ===
=== ANALYZE job.cast_info ===
=== ANALYZE job.char_name ===
=== ANALYZE job.comp_cast_type ===
=== ANALYZE job.company_name ===
=== ANALYZE job.company_type ===
=== ANALYZE job.complete_cast ===
=== ANALYZE job.info_type ===
=== ANALYZE job.keyword ===
=== ANALYZE job.kind_type ===
=== ANALYZE job.link_type ===
=== ANALYZE job.movie_companies ===
=== ANALYZE job.movie_info ===
=== ANALYZE job.movie_info_idx ===
=== ANALYZE job.movie_keyword ===
=== ANALYZE job.movie_link ===
=== ANALYZE job.name ===
=== ANALYZE job.person_info ===
=== ANALYZE job.role_type ===
=== ANALYZE job.title ===
statistics on job: 16s
loaded job in 98s, 2592423936 bytes
benchmarking CedarDB v2026-08-20 (reports PostgreSQL 16.3 compatible CedarDB v2026-08-20, compiled on 2026-08-20, x86_64 build)
=== tpch: not fully loaded; skipping its queries, load time and size ===
=== tpcds: not fully loaded; skipping its queries, load time and size ===
q1 [tpch]: SKIPPED (not loaded); recording null
q2 [tpch]: SKIPPED (not loaded); recording null
q3 [tpch]: SKIPPED (not loaded); recording null
q4 [tpch]: SKIPPED (not loaded); recording null
q5 [tpch]: SKIPPED (not loaded); recording null
q6 [tpch]: SKIPPED (not loaded); recording null
q7 [tpch]: SKIPPED (not loaded); recording null
q8 [tpch]: SKIPPED (not loaded); recording null
q9 [tpch]: SKIPPED (not loaded); recording null
q10 [tpch]: SKIPPED (not loaded); recording null
q11 [tpch]: SKIPPED (not loaded); recording null
q12 [tpch]: SKIPPED (not loaded); recording null
q13 [tpch]: SKIPPED (not loaded); recording null
q14 [tpch]: SKIPPED (not loaded); recording null
q15 [tpch]: SKIPPED (not loaded); recording null
q16 [tpch]: SKIPPED (not loaded); recording null
q17 [tpch]: SKIPPED (not loaded); recording null
q18 [tpch]: SKIPPED (not loaded); recording null
q19 [tpch]: SKIPPED (not loaded); recording null
q20 [tpch]: SKIPPED (not loaded); recording null
q21 [tpch]: SKIPPED (not loaded); recording null
q22 [tpch]: SKIPPED (not loaded); recording null
q23 [tpcds]: SKIPPED (not loaded); recording null
q24 [tpcds]: SKIPPED (not loaded); recording null
q25 [tpcds]: SKIPPED (not loaded); recording null
q26 [tpcds]: SKIPPED (not loaded); recording null
q27 [tpcds]: SKIPPED (not loaded); recording null
q28 [tpcds]: SKIPPED (not loaded); recording null
q29 [tpcds]: SKIPPED (not loaded); recording null
q30 [tpcds]: SKIPPED (not loaded); recording null
q31 [tpcds]: SKIPPED (not loaded); recording null
q32 [tpcds]: SKIPPED (not loaded); recording null
q33 [tpcds]: SKIPPED (not loaded); recording null
q34 [tpcds]: SKIPPED (not loaded); recording null
q35 [tpcds]: SKIPPED (not loaded); recording null
q36 [tpcds]: SKIPPED (not loaded); recording null
q37 [tpcds]: SKIPPED (not loaded); recording null
q38 [tpcds]: SKIPPED (not loaded); recording null
q39 [tpcds]: SKIPPED (not loaded); recording null
q40 [tpcds]: SKIPPED (not loaded); recording null
q41 [tpcds]: SKIPPED (not loaded); recording null
q42 [tpcds]: SKIPPED (not loaded); recording null
q43 [tpcds]: SKIPPED (not loaded); recording null
q44 [tpcds]: SKIPPED (not loaded); recording null
q45 [tpcds]: SKIPPED (not loaded); recording null
q46 [tpcds]: SKIPPED (not loaded); recording null
q47 [tpcds]: SKIPPED (not loaded); recording null
q48 [tpcds]: SKIPPED (not loaded); recording null
q49 [tpcds]: SKIPPED (not loaded); recording null
q50 [tpcds]: SKIPPED (not loaded); recording null
q51 [tpcds]: SKIPPED (not loaded); recording null
q52 [tpcds]: SKIPPED (not loaded); recording null
q53 [tpcds]: SKIPPED (not loaded); recording null
q54 [tpcds]: SKIPPED (not loaded); recording null
q55 [tpcds]: SKIPPED (not loaded); recording null
q56 [tpcds]: SKIPPED (not loaded); recording null
q57 [tpcds]: SKIPPED (not loaded); recording null
q58 [tpcds]: SKIPPED (not loaded); recording null
q59 [tpcds]: SKIPPED (not loaded); recording null
q60 [tpcds]: SKIPPED (not loaded); recording null
q61 [tpcds]: SKIPPED (not loaded); recording null
q62 [tpcds]: SKIPPED (not loaded); recording null
q63 [tpcds]: SKIPPED (not loaded); recording null
q64 [tpcds]: SKIPPED (not loaded); recording null
q65 [tpcds]: SKIPPED (not loaded); recording null
q66 [tpcds]: SKIPPED (not loaded); recording null
q67 [tpcds]: SKIPPED (not loaded); recording null
q68 [tpcds]: SKIPPED (not loaded); recording null
q69 [tpcds]: SKIPPED (not loaded); recording null
q70 [tpcds]: SKIPPED (not loaded); recording null
q71 [tpcds]: SKIPPED (not loaded); recording null
q72 [tpcds]: SKIPPED (not loaded); recording null
q73 [tpcds]: SKIPPED (not loaded); recording null
q74 [tpcds]: SKIPPED (not loaded); recording null
q75 [tpcds]: SKIPPED (not loaded); recording null
q76 [tpcds]: SKIPPED (not loaded); recording null
q77 [tpcds]: SKIPPED (not loaded); recording null
q78 [tpcds]: SKIPPED (not loaded); recording null
q79 [tpcds]: SKIPPED (not loaded); recording null
q80 [tpcds]: SKIPPED (not loaded); recording null
q81 [tpcds]: SKIPPED (not loaded); recording null
q82 [tpcds]: SKIPPED (not loaded); recording null
q83 [tpcds]: SKIPPED (not loaded); recording null
q84 [tpcds]: SKIPPED (not loaded); recording null
q85 [tpcds]: SKIPPED (not loaded); recording null
q86 [tpcds]: SKIPPED (not loaded); recording null
q87 [tpcds]: SKIPPED (not loaded); recording null
q88 [tpcds]: SKIPPED (not loaded); recording null
q89 [tpcds]: SKIPPED (not loaded); recording null
q90 [tpcds]: SKIPPED (not loaded); recording null
q91 [tpcds]: SKIPPED (not loaded); recording null
q92 [tpcds]: SKIPPED (not loaded); recording null
q93 [tpcds]: SKIPPED (not loaded); recording null
q94 [tpcds]: SKIPPED (not loaded); recording null
q95 [tpcds]: SKIPPED (not loaded); recording null
q96 [tpcds]: SKIPPED (not loaded); recording null
q97 [tpcds]: SKIPPED (not loaded); recording null
q98 [tpcds]: SKIPPED (not loaded); recording null
q99 [tpcds]: SKIPPED (not loaded); recording null
q100 [tpcds]: SKIPPED (not loaded); recording null
q101 [tpcds]: SKIPPED (not loaded); recording null
q102 [tpcds]: SKIPPED (not loaded); recording null
q103 [tpcds]: SKIPPED (not loaded); recording null
q104 [tpcds]: SKIPPED (not loaded); recording null
q105 [tpcds]: SKIPPED (not loaded); recording null
q106 [tpcds]: SKIPPED (not loaded); recording null
q107 [tpcds]: SKIPPED (not loaded); recording null
q108 [tpcds]: SKIPPED (not loaded); recording null
q109 [tpcds]: SKIPPED (not loaded); recording null
q110 [tpcds]: SKIPPED (not loaded); recording null
q111 [tpcds]: SKIPPED (not loaded); recording null
q112 [tpcds]: SKIPPED (not loaded); recording null
q113 [tpcds]: SKIPPED (not loaded); recording null
q114 [tpcds]: SKIPPED (not loaded); recording null
q115 [tpcds]: SKIPPED (not loaded); recording null
q116 [tpcds]: SKIPPED (not loaded); recording null
q117 [tpcds]: SKIPPED (not loaded); recording null
q118 [tpcds]: SKIPPED (not loaded); recording null
q119 [tpcds]: SKIPPED (not loaded); recording null
q120 [tpcds]: SKIPPED (not loaded); recording null
q121 [tpcds]: SKIPPED (not loaded); recording null
q122 [tpcds]: SKIPPED (not loaded); recording null
q123 [tpcds]: SKIPPED (not loaded); recording null
q124 [tpcds]: SKIPPED (not loaded); recording null
q125 [tpcds]: SKIPPED (not loaded); recording null
q126 [job]: [0.1977, 0.0030, 0.0023, 0.0024, 0.0024, 0.0023]
q127 [job]: [0.3309, 0.0033, 0.0025, 0.0024, 0.0024, 0.0024]
q128 [job]: [0.1602, 0.0030, 0.0023, 0.0022, 0.0022, 0.0023]
q129 [job]: [0.2953, 0.0032, 0.0024, 0.0024, 0.0024, 0.0023]
q130 [job]: [0.3640, 0.0126, 0.0121, 0.0119, 0.0120, 0.0121]
q131 [job]: [0.3149, 0.0126, 0.0121, 0.0119, 0.0121, 0.0119]
q132 [job]: [0.1783, 0.0037, 0.0033, 0.0034, 0.0034, 0.0032]
q133 [job]: [0.3636, 0.0126, 0.0121, 0.0120, 0.0119, 0.0120]
q134 [job]: [4.0008, 0.0051, 0.0042, 0.0041, 0.0041, 0.0042]
q135 [job]: [1.8541, 0.0032, 0.0026, 0.0025, 0.0025, 0.0024]
q136 [job]: [3.9498, 0.0054, 0.0046, 0.0045, 0.0046, 0.0046]
q137 [job]: [0.3831, 0.0038, 0.0032, 0.0031, 0.0031, 0.0030]
q138 [job]: [0.2986, 0.0033, 0.0025, 0.0025, 0.0024, 0.0024]
q139 [job]: [0.3381, 0.0049, 0.0033, 0.0039, 0.0033, 0.0033]
q140 [job]: [0.1857, 0.0031, 0.0024, 0.0023, 0.0023, 0.0023]
q141 [job]: [0.1908, 0.0032, 0.0029, 0.0025, 0.0028, 0.0022]
q142 [job]: [3.9799, 0.0054, 0.0054, 0.0045, 0.0044, 0.0044]
q143 [job]: [1.4821, 0.0076, 0.0069, 0.0067, 0.0066, 0.0065]
q144 [job]: [1.6958, 0.0089, 0.0083, 0.0083, 0.0083, 0.0082]
q145 [job]: [0.8755, 0.0074, 0.0069, 0.0069, 0.0068, 0.0070]
q146 [job]: [1.7020, 0.0135, 0.0130, 0.0130, 0.0131, 0.0128]
q147 [job]: [1.4896, 0.0080, 0.0070, 0.0069, 0.0066, 0.0066]
q148 [job]: [2.6039, 0.0188, 0.0183, 0.0183, 0.0187, 0.0190]
q149 [job]: [1.7605, 0.0088, 0.0080, 0.0079, 0.0078, 0.0077]
q150 [job]: [1.9814, 0.0090, 0.0077, 0.0076, 0.0076, 0.0077]
q151 [job]: [2.7888, 0.0141, 0.0135, 0.0131, 0.0127, 0.0133]
q152 [job]: [1.9286, 0.0070, 0.0061, 0.0063, 0.0063, 0.0064]
q153 [job]: [1.8470, 0.0065, 0.0056, 0.0054, 0.0054, 0.0054]
q154 [job]: [1.7344, 0.0322, 0.0306, 0.0367, 0.0357, 0.0307]
q155 [job]: [1.7423, 0.0308, 0.0296, 0.0292, 0.0290, 0.0338]
q156 [job]: [2.2658, 0.0074, 0.0060, 0.0059, 0.0060, 0.0059]
q157 [job]: [2.0125, 0.0070, 0.0059, 0.0058, 0.0058, 0.0058]
q158 [job]: [2.3466, 0.0122, 0.0115, 0.0119, 0.0113, 0.0115]
q159 [job]: [2.3173, 0.0188, 0.0184, 0.0185, 0.0188, 0.0191]
q160 [job]: [1.0201, 0.0057, 0.0053, 0.0052, 0.0051, 0.0050]
q161 [job]: [0.4952, 0.0074, 0.0070, 0.0069, 0.0068, 0.0069]
q162 [job]: [1.2524, 0.0114, 0.0116, 0.0109, 0.0108, 0.0106]
q163 [job]: [0.2671, 0.0047, 0.0040, 0.0039, 0.0040, 0.0039]
q164 [job]: [0.3385, 0.0056, 0.0043, 0.0043, 0.0041, 0.0042]
q165 [job]: [0.2440, 0.0063, 0.0060, 0.0052, 0.0052, 0.0056]
q166 [job]: [0.2948, 0.0072, 0.0067, 0.0064, 0.0065, 0.0066]
q167 [job]: [4.3715, 0.0062, 0.0054, 0.0054, 0.0053, 0.0054]
q168 [job]: [2.0739, 0.0099, 0.0091, 0.0093, 0.0092, 0.0092]
q169 [job]: [2.0954, 0.0090, 0.0089, 0.0091, 0.0088, 0.0090]
q170 [job]: [2.3828, 0.0129, 0.0132, 0.0124, 0.0124, 0.0127]
q171 [job]: [0.6319, 0.0073, 0.0062, 0.0062, 0.0062, 0.0060]
q172 [job]: [0.6718, 0.0074, 0.0067, 0.0056, 0.0057, 0.0056]
q173 [job]: [0.6310, 0.0319, 0.0288, 0.0292, 0.0288, 0.0294]
q174 [job]: [4.3296, 0.0072, 0.0065, 0.0063, 0.0064, 0.0063]
q175 [job]: [4.4463, 0.0071, 0.0061, 0.0061, 0.0061, 0.0061]
q176 [job]: [4.2299, 0.0077, 0.0067, 0.0067, 0.0067, 0.0068]
q177 [job]: [2.0029, 0.0077, 0.0062, 0.0061, 0.0061, 0.0059]
q178 [job]: [4.4280, 0.0067, 0.0057, 0.0055, 0.0056, 0.0057]
q179 [job]: [2.3350, 0.0084, 0.0069, 0.0073, 0.0074, 0.0072]
q180 [job]: [0.5240, 0.0101, 0.0098, 0.0095, 0.0092, 0.0093]
q181 [job]: [2.2461, 0.0101, 0.0094, 0.0092, 0.0094, 0.0092]
q182 [job]: [3.1012, 0.0406, 0.0405, 0.0402, 0.0400, 0.0399]
q183 [job]: [3.1144, 0.0126, 0.0120, 0.0121, 0.0125, 0.0130]
q184 [job]: [3.0999, 0.0128, 0.0122, 0.0116, 0.0121, 0.0121]
q185 [job]: [2.4721, 0.0534, 0.0527, 0.0521, 0.0524, 0.0528]
q186 [job]: [2.4511, 0.0251, 0.0248, 0.0245, 0.0245, 0.0242]
q187 [job]: [2.4531, 0.0235, 0.0236, 0.0228, 0.0227, 0.0222]
q188 [job]: [2.4696, 0.0234, 0.0231, 0.0234, 0.0230, 0.0229]
q189 [job]: [2.4777, 0.0359, 0.0359, 0.0365, 0.0354, 0.0354]
q190 [job]: [2.4719, 0.0643, 0.0635, 0.0634, 0.0637, 0.0637]
q191 [job]: [4.9514, 0.0123, 0.0116, 0.0118, 0.0120, 0.0116]
q192 [job]: [2.9969, 0.0086, 0.0079, 0.0077, 0.0078, 0.0080]
q193 [job]: [3.2732, 0.0197, 0.0187, 0.0185, 0.0181, 0.0181]
q194 [job]: [5.1037, 0.0095, 0.0083, 0.0085, 0.0083, 0.0081]
q195 [job]: [3.6878, 0.0087, 0.0077, 0.0077, 0.0077, 0.0076]
q196 [job]: [4.8441, 0.0149, 0.0107, 0.0133, 0.0131, 0.0105]
q197 [job]: [2.1467, 0.0350, 0.0315, 0.0317, 0.0333, 0.0312]
q198 [job]: [2.3249, 0.0195, 0.0190, 0.0188, 0.0187, 0.0187]
q199 [job]: [2.3798, 0.0123, 0.0117, 0.0115, 0.0115, 0.0116]
q200 [job]: [3.1795, 0.0109, 0.0105, 0.0102, 0.0104, 0.0103]
q201 [job]: [4.4728, 0.0077, 0.0066, 0.0063, 0.0063, 0.0065]
q202 [job]: [3.8382, 0.0067, 0.0057, 0.0055, 0.0055, 0.0055]
q203 [job]: [4.1424, 0.0071, 0.0061, 0.0060, 0.0060, 0.0061]
q204 [job]: [4.5997, 0.0098, 0.0089, 0.0088, 0.0087, 0.0095]
q205 [job]: [4.0810, 0.0094, 0.0087, 0.0092, 0.0085, 0.0084]
q206 [job]: [4.2751, 0.0113, 0.0100, 0.0100, 0.0101, 0.0101]
q207 [job]: [4.2608, 0.0121, 0.0115, 0.0115, 0.0114, 0.0116]
q208 [job]: [2.3623, 0.0074, 0.0057, 0.0056, 0.0055, 0.0056]
q209 [job]: [2.7715, 0.0068, 0.0057, 0.0057, 0.0057, 0.0057]
q210 [job]: [2.2184, 0.0072, 0.0061, 0.0060, 0.0059, 0.0059]
q211 [job]: [5.5455, 0.0112, 0.0104, 0.0101, 0.0102, 0.0101]
q212 [job]: [5.0720, 0.0113, 0.0102, 0.0101, 0.0101, 0.0101]
q213 [job]: [3.9109, 0.0104, 0.0103, 0.0104, 0.0100, 0.0102]
q214 [job]: [4.5655, 0.0104, 0.0096, 0.0094, 0.0094, 0.0094]
q215 [job]: [4.0572, 0.0168, 0.0167, 0.0166, 0.0158, 0.0165]
q216 [job]: [2.9871, 0.0103, 0.0094, 0.0094, 0.0093, 0.0094]
q217 [job]: [1.6259, 0.0088, 0.0090, 0.0076, 0.0075, 0.0074]
q218 [job]: [2.8874, 0.0129, 0.0122, 0.0122, 0.0121, 0.0122]
q219 [job]: [4.0034, 0.0087, 0.0079, 0.0079, 0.0078, 0.0077]
q220 [job]: [4.4112, 0.0090, 0.0083, 0.0082, 0.0081, 0.0084]
q221 [job]: [4.3163, 0.0092, 0.0081, 0.0082, 0.0079, 0.0080]
q222 [job]: [4.3121, 0.0139, 0.0129, 0.0129, 0.0130, 0.0129]
q223 [job]: [2.0655, 0.0131, 0.0121, 0.0120, 0.0120, 0.0119]
q224 [job]: [4.1854, 0.0143, 0.0136, 0.0134, 0.0134, 0.0134]
q225 [job]: [5.9037, 0.0134, 0.0125, 0.0124, 0.0123, 0.0123]
q226 [job]: [6.0589, 0.0122, 0.0113, 0.0111, 0.0110, 0.0111]
q227 [job]: [5.8995, 0.0188, 0.0182, 0.0181, 0.0178, 0.0180]
q228 [job]: [3.3349, 0.0152, 0.0148, 0.0147, 0.0146, 0.0145]
q229 [job]: [4.6870, 0.0139, 0.0132, 0.0130, 0.0132, 0.0130]
q230 [job]: [3.8547, 0.0139, 0.0139, 0.0137, 0.0136, 0.0135]
q231 [job]: [4.2652, 0.0236, 0.0237, 0.0233, 0.0235, 0.0235]
q232 [job]: [4.7185, 0.0117, 0.0106, 0.0105, 0.0106, 0.0105]
q233 [job]: [4.7122, 0.0118, 0.0114, 0.0112, 0.0110, 0.0110]
q234 [job]: [0.1494, 0.0030, 0.0023, 0.0023, 0.0022, 0.0022]
q235 [job]: [1.2612, 0.0069, 0.0046, 0.0068, 0.0052, 0.0054]
q236 [job]: [0.3547, 0.0084, 0.0075, 0.0074, 0.0074, 0.0074]
q237 [job]: [0.4811, 0.0092, 0.0076, 0.0076, 0.0074, 0.0073]
q238 [job]: [0.2341, 0.0087, 0.0077, 0.0076, 0.0076, 0.0076]
wrote /home/ubuntu/ClickBench/joins-focus/results/cedardb/20260909T105759Z.json
CedarDB v2026-08-20: tpch 0/22  tpcds 0/103  job 113/113   load_time {'job': 82}
=== tpch: not loaded; no results dumped ===
=== tpcds: not loaded; no results dumped ===
=== dumping job results ===
job q1: cedardb ok, 1 rows
job q2: cedardb ok, 1 rows
job q3: cedardb ok, 1 rows
job q4: cedardb ok, 1 rows
job q5: cedardb ok, 1 rows
job q6: cedardb ok, 1 rows
job q7: cedardb ok, 1 rows
job q8: cedardb ok, 1 rows
job q9: cedardb ok, 1 rows
job q10: cedardb ok, 1 rows
job q11: cedardb ok, 1 rows
job q12: cedardb ok, 1 rows
job q13: cedardb ok, 1 rows
job q14: cedardb ok, 1 rows
job q15: cedardb ok, 1 rows
job q16: cedardb ok, 1 rows
job q17: cedardb ok, 1 rows
job q18: cedardb ok, 1 rows
job q19: cedardb ok, 1 rows
job q20: cedardb ok, 1 rows
job q21: cedardb ok, 1 rows
job q22: cedardb ok, 1 rows
job q23: cedardb ok, 1 rows
job q24: cedardb ok, 1 rows
job q25: cedardb ok, 1 rows
job q26: cedardb ok, 1 rows
job q27: cedardb ok, 1 rows
job q28: cedardb ok, 1 rows
job q29: cedardb ok, 1 rows
job q30: cedardb ok, 1 rows
job q31: cedardb ok, 1 rows
job q32: cedardb ok, 1 rows
job q33: cedardb ok, 1 rows
job q34: cedardb ok, 1 rows
job q35: cedardb ok, 1 rows
job q36: cedardb ok, 1 rows
job q37: cedardb ok, 1 rows
job q38: cedardb ok, 1 rows
job q39: cedardb ok, 1 rows
job q40: cedardb ok, 1 rows
job q41: cedardb ok, 1 rows
job q42: cedardb ok, 1 rows
job q43: cedardb ok, 1 rows
job q44: cedardb ok, 1 rows
job q45: cedardb ok, 1 rows
job q46: cedardb ok, 1 rows
job q47: cedardb ok, 1 rows
job q48: cedardb ok, 1 rows
job q49: cedardb ok, 1 rows
job q50: cedardb ok, 1 rows
job q51: cedardb ok, 1 rows
job q52: cedardb ok, 1 rows
job q53: cedardb ok, 1 rows
job q54: cedardb ok, 1 rows
job q55: cedardb ok, 1 rows
job q56: cedardb ok, 1 rows
job q57: cedardb ok, 1 rows
job q58: cedardb ok, 1 rows
job q59: cedardb ok, 1 rows
job q60: cedardb ok, 1 rows
job q61: cedardb ok, 1 rows
job q62: cedardb ok, 1 rows
job q63: cedardb ok, 1 rows
job q64: cedardb ok, 1 rows
job q65: cedardb ok, 1 rows
job q66: cedardb ok, 1 rows
job q67: cedardb ok, 1 rows
job q68: cedardb ok, 1 rows
job q69: cedardb ok, 1 rows
job q70: cedardb ok, 1 rows
job q71: cedardb ok, 1 rows
job q72: cedardb ok, 1 rows
job q73: cedardb ok, 1 rows
job q74: cedardb ok, 1 rows
job q75: cedardb ok, 1 rows
job q76: cedardb ok, 1 rows
job q77: cedardb ok, 1 rows
job q78: cedardb ok, 1 rows
job q79: cedardb ok, 1 rows
job q80: cedardb ok, 1 rows
job q81: cedardb ok, 1 rows
job q82: cedardb ok, 1 rows
job q83: cedardb ok, 1 rows
job q84: cedardb ok, 1 rows
job q85: cedardb ok, 1 rows
job q86: cedardb ok, 1 rows
job q87: cedardb ok, 1 rows
job q88: cedardb ok, 1 rows
job q89: cedardb ok, 1 rows
job q90: cedardb ok, 1 rows
job q91: cedardb ok, 1 rows
job q92: cedardb ok, 1 rows
job q93: cedardb ok, 1 rows
job q94: cedardb ok, 1 rows
job q95: cedardb ok, 1 rows
job q96: cedardb ok, 1 rows
job q97: cedardb ok, 1 rows
job q98: cedardb ok, 1 rows
job q99: cedardb ok, 1 rows
job q100: cedardb ok, 1 rows
job q101: cedardb ok, 1 rows
job q102: cedardb ok, 1 rows
job q103: cedardb ok, 1 rows
job q104: cedardb ok, 1 rows
job q105: cedardb ok, 1 rows
job q106: cedardb ok, 1 rows
job q107: cedardb ok, 1 rows
job q108: cedardb ok, 1 rows
job q109: cedardb ok, 1 rows
job q110: cedardb ok, 1 rows
job q111: cedardb ok, 1 rows
job q112: cedardb ok, 1 rows
job q113: cedardb ok, 1 rows
