page cache dropped before each query (6 tries: 1 cold + 5 hot)
starting Doris 4.1.3 FE (apache/doris:fe-4.1.3)
starting Doris 4.1.3 BE (apache/doris:be-4.1.3)
FE result cache off (enable_sql_cache=false); BE: disable_storage_page_cache=1 segment_cache_capacity=0 
Doris up (doris version doris-4.1.3-rc02-7126cf65d96, backend 1788279228692)
server-side timing via the FE profile endpoint (probe read 4ms)
=== CREATE tpcds tables ===
=== INSERT tpcds.call_center ===
=== INSERT tpcds.catalog_page ===
=== INSERT tpcds.catalog_returns ===
=== INSERT tpcds.catalog_sales ===
=== INSERT tpcds.customer_address ===
=== INSERT tpcds.customer_demographics ===
=== INSERT tpcds.customer ===
=== INSERT tpcds.date_dim ===
=== INSERT tpcds.household_demographics ===
=== INSERT tpcds.income_band ===
=== INSERT tpcds.inventory ===
=== INSERT tpcds.item ===
=== INSERT tpcds.promotion ===
=== INSERT tpcds.reason ===
=== INSERT tpcds.ship_mode ===
=== INSERT tpcds.store_returns ===
=== INSERT tpcds.store_sales ===
=== INSERT tpcds.store ===
=== INSERT tpcds.time_dim ===
=== INSERT tpcds.warehouse ===
=== INSERT tpcds.web_page ===
=== INSERT tpcds.web_returns ===
=== INSERT tpcds.web_sales ===
=== INSERT tpcds.web_site ===
=== ANALYZE tpcds.call_center ===
=== ANALYZE tpcds.catalog_page ===
=== ANALYZE tpcds.catalog_returns ===
=== ANALYZE tpcds.catalog_sales ===
=== ANALYZE tpcds.customer_address ===
=== ANALYZE tpcds.customer_demographics ===
=== ANALYZE tpcds.customer ===
=== ANALYZE tpcds.date_dim ===
=== ANALYZE tpcds.household_demographics ===
=== ANALYZE tpcds.income_band ===
=== ANALYZE tpcds.inventory ===
=== ANALYZE tpcds.item ===
=== ANALYZE tpcds.promotion ===
=== ANALYZE tpcds.reason ===
=== ANALYZE tpcds.ship_mode ===
=== ANALYZE tpcds.store_returns ===
=== ANALYZE tpcds.store_sales ===
=== ANALYZE tpcds.store ===
=== ANALYZE tpcds.time_dim ===
=== ANALYZE tpcds.warehouse ===
=== ANALYZE tpcds.web_page ===
=== ANALYZE tpcds.web_returns ===
=== ANALYZE tpcds.web_sales ===
=== ANALYZE tpcds.web_site ===
statistics on tpcds: 246s
loaded tpcds in 904s
benchmarking Doris 4.1.3 (reports doris version doris-4.1.3-rc02-7126cf65d96)
=== tpch: not fully loaded; skipping its queries, load time and size ===
=== job: not fully loaded; skipping its queries, load time and size ===
q1 [tpch]: SKIPPED (not loaded); recording null
q2 [tpch]: SKIPPED (not loaded); recording null
q3 [tpch]: SKIPPED (not loaded); recording null
q4 [tpch]: SKIPPED (not loaded); recording null
q5 [tpch]: SKIPPED (not loaded); recording null
q6 [tpch]: SKIPPED (not loaded); recording null
q7 [tpch]: SKIPPED (not loaded); recording null
q8 [tpch]: SKIPPED (not loaded); recording null
q9 [tpch]: SKIPPED (not loaded); recording null
q10 [tpch]: SKIPPED (not loaded); recording null
q11 [tpch]: SKIPPED (not loaded); recording null
q12 [tpch]: SKIPPED (not loaded); recording null
q13 [tpch]: SKIPPED (not loaded); recording null
q14 [tpch]: SKIPPED (not loaded); recording null
q15 [tpch]: SKIPPED (not loaded); recording null
q16 [tpch]: SKIPPED (not loaded); recording null
q17 [tpch]: SKIPPED (not loaded); recording null
q18 [tpch]: SKIPPED (not loaded); recording null
q19 [tpch]: SKIPPED (not loaded); recording null
q20 [tpch]: SKIPPED (not loaded); recording null
q21 [tpch]: SKIPPED (not loaded); recording null
q22 [tpch]: SKIPPED (not loaded); recording null
q23 [tpcds]: [1.000, 0.204, 0.191, 0.191, 0.210, 0.192]
q24 [tpcds]: [5.000, 0.243, 0.236, 0.239, 0.238, 0.236]
q25 [tpcds]: [3.000, 0.060, 0.057, 0.060, 0.056, 0.064]
q26 [tpcds]: [53.000, 2.000, 2.000, 2.000, 2.000, 2.000]
q27 [tpcds]: [35.000, 0.644, 0.629, 0.646, 0.633, 0.643]
q28 [tpcds]: [8.000, 0.283, 0.299, 0.278, 0.276, 0.307]
q29 [tpcds]: [24.000, 0.702, 0.706, 0.661, 0.693, 0.717]
q30 [tpcds]: [11.000, 0.332, 0.355, 0.329, 0.325, 0.331]
q31 [tpcds]: [9.000, 2.000, 2.000, 2.000, 2.000, 2.000]
q32 [tpcds]: [15.000, 0.362, 0.345, 0.355, 0.357, 0.330]
q33 [tpcds]: [23.000, 1.000, 1.000, 1.000, 1.000, 1.000]
q34 [tpcds]: [1.000, 0.096, 0.106, 0.102, 0.100, 0.100]
q35 [tpcds]: [43.000, 0.856, 0.828, 0.864, 0.883, 0.873]
q36 [tpcds]: [16.000, 2.000, 2.000, 2.000, 2.000, 2.000]
q37 [tpcds]: [16.000, 2.000, 2.000, 2.000, 2.000, 2.000]
q38 [tpcds]: [5.000, 0.161, 0.171, 0.147, 0.149, 0.147]
q39 [tpcds]: [14.000, 0.463, 0.466, 0.458, 0.313, 0.478]
q40 [tpcds]: [27.000, 0.898, 0.876, 0.889, 0.882, 0.911]
q41 [tpcds]: [16.000, 0.465, 0.479, 0.443, 0.437, 0.440]
q42 [tpcds]: [14.000, 0.252, 0.241, 0.235, 0.236, 0.269]
q43 [tpcds]: [3.000, 0.155, 0.158, 0.146, 0.142, 0.154]
q44 [tpcds]: [0.103, 0.070, 0.070, 0.070, 0.070, 0.065]
q45 [tpcds]: [4.000, 4.000, 4.000, 4.000, 4.000, 4.000]
q46 [tpcds]: [26.000, 4.000, 4.000, 4.000, 4.000, 4.000]
q47 [tpcds]: [26.000, 4.000, 4.000, 4.000, 4.000, 4.000]
q48 [tpcds]: [21.000, 0.754, 0.742, 0.689, 0.709, 0.727]
q49 [tpcds]: [21.000, 0.809, 0.768, 0.697, 0.674, 0.725]
q50 [tpcds]: [33.000, 0.833, 0.814, 0.804, 0.819, 0.769]
q51 [tpcds]: [11.000, 0.312, 0.307, 0.316, 0.316, 0.299]
q52 [tpcds]: [24.000, 0.678, 0.698, 0.688, 0.682, 0.668]
q53 [tpcds]: [12.000, 1.000, 1.000, 1.000, 1.000, 1.000]
q54 [tpcds]: [27.000, 0.911, 0.906, 0.871, 0.879, 0.889]
q55 [tpcds]: [0.258, 0.153, 0.153, 0.152, 0.153, 0.153]
q56 [tpcds]: [17.000, 0.538, 0.519, 0.539, 0.535, 0.522]
q57 [tpcds]: [0.603, 0.029, 0.029, 0.029, 0.028, 0.027]
q58 [tpcds]: [25.000, 0.552, 0.547, 0.564, 0.562, 0.559]
q59 [tpcds]: [21.000, 0.512, 0.544, 0.528, 0.531, 0.518]
q60 [tpcds]: [15.000, 0.475, 0.459, 0.457, 0.451, 0.503]
q61 [tpcds]: [17.000, 0.421, 0.406, 0.389, 0.403, 0.444]
q62 [tpcds]: [0.094, 0.043, 0.043, 0.040, 0.044, 0.039]
q63 [tpcds]: [15.000, 1.000, 1.000, 1.000, 1.000, 1.000]
q64 [tpcds]: [0.274, 0.258, 0.244, 0.251, 0.264, 0.252]
q65 [tpcds]: [0.252, 0.228, 0.241, 0.244, 0.220, 0.229]
q66 [tpcds]: [7.000, 0.210, 0.208, 0.198, 0.197, 0.211]
q67 [tpcds]: [0.073, 0.052, 0.052, 0.053, 0.051, 0.053]
q68 [tpcds]: [7.000, 0.117, 0.130, 0.115, 0.115, 0.110]
q69 [tpcds]: [9.000, 0.373, 0.378, 0.391, 0.391, 0.374]
q70 [tpcds]: [13.000, 0.815, 0.808, 0.792, 0.797, 0.792]
q71 [tpcds]: [2.000, 0.117, 0.120, 0.117, 0.118, 0.118]
q72 [tpcds]: [36.000, 0.825, 0.825, 0.834, 0.772, 0.863]
q73 [tpcds]: [9.000, 1.000, 1.000, 1.000, 1.000, 1.000]
q74 [tpcds]: [28.000, 0.658, 0.682, 0.675, 0.661, 0.659]
q75 [tpcds]: [43.000, 0.778, 0.763, 0.747, 0.763, 0.765]
q76 [tpcds]: [19.000, 0.574, 0.514, 0.535, 0.555, 0.553]
q77 [tpcds]: [9.000, 1.000, 1.000, 1.000, 1.000, 1.000]
q78 [tpcds]: [7.000, 0.135, 0.132, 0.115, 0.113, 0.110]
q79 [tpcds]: [9.000, 0.230, 0.257, 0.248, 0.221, 0.230]
q80 [tpcds]: [15.000, 0.275, 0.267, 0.258, 0.258, 0.255]
q81 [tpcds]: [7.000, 0.117, 0.112, 0.130, 0.132, 0.133]
q82 [tpcds]: [24.000, 0.468, 0.463, 0.471, 0.461, 0.452]
q83 [tpcds]: [3.000, 0.593, 0.578, 0.581, 0.572, 0.558]
q84 [tpcds]: [15.000, 0.413, 0.422, 0.420, 0.413, 0.410]
q85 [tpcds]: [9.000, 0.902, 0.883, 0.895, 0.868, 0.873]
q86 [tpcds]: [25.000, 0.592, 0.607, 0.585, 0.589, 0.612]
q87 [tpcds]: [20.000, 0.822, 0.859, 0.833, 0.844, 0.852]
q88 [tpcds]: [1.000, 0.184, 0.171, 0.172, 0.172, 0.170]
q89 [tpcds]: [9.000, 0.238, 0.247, 0.228, 0.242, 0.250]
q90 [tpcds]: [8.000, 0.460, 0.433, 0.418, 0.409, 0.429]
q91 [tpcds]: [9.000, 1.000, 1.000, 1.000, 1.000, 1.000]
q92 [tpcds]: [16.000, 0.427, 0.426, 0.431, 0.410, 0.404]
q93 [tpcds]: [17.000, 7.000, 7.000, 7.000, 7.000, 7.000]
q94 [tpcds]: [43.000, 0.916, 0.940, 0.917, 0.920, 0.910]
q95 [tpcds]: [15.000, 0.432, 0.442, 0.403, 0.406, 0.411]
q96 [tpcds]: [11.000, 0.772, 0.787, 0.769, 0.774, 0.764]
q97 [tpcds]: [22.000, 0.319, 0.315, 0.294, 0.289, 0.313]
q98 [tpcds]: [14.000, 1.000, 1.000, 1.000, 1.000, 1.000]
q99 [tpcds]: [21.000, 0.511, 0.512, 0.524, 0.504, 0.509]
q100 [tpcds]: [18.000, 1.000, 1.000, 1.000, 1.000, 1.000]
q101 [tpcds]: [33.000, 1.000, 1.000, 1.000, 1.000, 1.000]
q102 [tpcds]: [22.000, 0.515, 0.534, 0.532, 0.523, 0.524]
q103 [tpcds]: [32.000, 0.545, 0.574, 0.581, 0.589, 0.565]
q104 [tpcds]: [47.000, 3.000, 3.000, 3.000, 3.000, 3.000]
q105 [tpcds]: [36.000, 0.863, 0.890, 0.903, 0.915, 0.880]
q106 [tpcds]: [50.000, 0.895, 0.907, 0.891, 0.899, 0.893]
q107 [tpcds]: [0.424, 0.147, 0.134, 0.133, 0.132, 0.137]
q108 [tpcds]: [0.109, 0.055, 0.049, 0.051, 0.048, 0.050]
q109 [tpcds]: [0.445, 0.214, 0.224, 0.233, 0.216, 0.225]
q110 [tpcds]: [0.214, 0.103, 0.107, 0.105, 0.106, 0.103]
q111 [tpcds]: [6.000, 0.360, 0.366, 0.352, 0.364, 0.360]
q112 [tpcds]: [1.000, 0.134, 0.138, 0.137, 0.134, 0.136]
q113 [tpcds]: [15.000, 1.000, 1.000, 1.000, 1.000, 1.000]
q114 [tpcds]: [10.000, 2.000, 2.000, 2.000, 2.000, 2.000]
q115 [tpcds]: [9.000, 0.305, 0.292, 0.297, 0.309, 0.292]
q116 [tpcds]: [1.000, 0.127, 0.124, 0.122, 0.127, 0.131]
q117 [tpcds]: [0.188, 0.084, 0.089, 0.093, 0.085, 0.084]
q118 [tpcds]: [0.256, 0.030, 0.030, 0.028, 0.033, 0.029]
q119 [tpcds]: [19.000, 0.507, 0.488, 0.512, 0.514, 0.522]
q120 [tpcds]: [6.000, 0.221, 0.189, 0.194, 0.180, 0.186]
q121 [tpcds]: [7.000, 0.302, 0.292, 0.291, 0.279, 0.270]
q122 [tpcds]: [10.000, 0.260, 0.278, 0.280, 0.278, 0.280]
q123 [tpcds]: [13.000, 1.000, 0.984, 1.000, 0.993, 1.000]
q124 [tpcds]: [8.000, 0.268, 0.276, 0.250, 0.266, 0.260]
q125 [tpcds]: [4.000, 0.316, 0.309, 0.308, 0.306, 0.313]
q126 [job]: SKIPPED (not loaded); recording null
q127 [job]: SKIPPED (not loaded); recording null
q128 [job]: SKIPPED (not loaded); recording null
q129 [job]: SKIPPED (not loaded); recording null
q130 [job]: SKIPPED (not loaded); recording null
q131 [job]: SKIPPED (not loaded); recording null
q132 [job]: SKIPPED (not loaded); recording null
q133 [job]: SKIPPED (not loaded); recording null
q134 [job]: SKIPPED (not loaded); recording null
q135 [job]: SKIPPED (not loaded); recording null
q136 [job]: SKIPPED (not loaded); recording null
q137 [job]: SKIPPED (not loaded); recording null
q138 [job]: SKIPPED (not loaded); recording null
q139 [job]: SKIPPED (not loaded); recording null
q140 [job]: SKIPPED (not loaded); recording null
q141 [job]: SKIPPED (not loaded); recording null
q142 [job]: SKIPPED (not loaded); recording null
q143 [job]: SKIPPED (not loaded); recording null
q144 [job]: SKIPPED (not loaded); recording null
q145 [job]: SKIPPED (not loaded); recording null
q146 [job]: SKIPPED (not loaded); recording null
q147 [job]: SKIPPED (not loaded); recording null
q148 [job]: SKIPPED (not loaded); recording null
q149 [job]: SKIPPED (not loaded); recording null
q150 [job]: SKIPPED (not loaded); recording null
q151 [job]: SKIPPED (not loaded); recording null
q152 [job]: SKIPPED (not loaded); recording null
q153 [job]: SKIPPED (not loaded); recording null
q154 [job]: SKIPPED (not loaded); recording null
q155 [job]: SKIPPED (not loaded); recording null
q156 [job]: SKIPPED (not loaded); recording null
q157 [job]: SKIPPED (not loaded); recording null
q158 [job]: SKIPPED (not loaded); recording null
q159 [job]: SKIPPED (not loaded); recording null
q160 [job]: SKIPPED (not loaded); recording null
q161 [job]: SKIPPED (not loaded); recording null
q162 [job]: SKIPPED (not loaded); recording null
q163 [job]: SKIPPED (not loaded); recording null
q164 [job]: SKIPPED (not loaded); recording null
q165 [job]: SKIPPED (not loaded); recording null
q166 [job]: SKIPPED (not loaded); recording null
q167 [job]: SKIPPED (not loaded); recording null
q168 [job]: SKIPPED (not loaded); recording null
q169 [job]: SKIPPED (not loaded); recording null
q170 [job]: SKIPPED (not loaded); recording null
q171 [job]: SKIPPED (not loaded); recording null
q172 [job]: SKIPPED (not loaded); recording null
q173 [job]: SKIPPED (not loaded); recording null
q174 [job]: SKIPPED (not loaded); recording null
q175 [job]: SKIPPED (not loaded); recording null
q176 [job]: SKIPPED (not loaded); recording null
q177 [job]: SKIPPED (not loaded); recording null
q178 [job]: SKIPPED (not loaded); recording null
q179 [job]: SKIPPED (not loaded); recording null
q180 [job]: SKIPPED (not loaded); recording null
q181 [job]: SKIPPED (not loaded); recording null
q182 [job]: SKIPPED (not loaded); recording null
q183 [job]: SKIPPED (not loaded); recording null
q184 [job]: SKIPPED (not loaded); recording null
q185 [job]: SKIPPED (not loaded); recording null
q186 [job]: SKIPPED (not loaded); recording null
q187 [job]: SKIPPED (not loaded); recording null
q188 [job]: SKIPPED (not loaded); recording null
q189 [job]: SKIPPED (not loaded); recording null
q190 [job]: SKIPPED (not loaded); recording null
q191 [job]: SKIPPED (not loaded); recording null
q192 [job]: SKIPPED (not loaded); recording null
q193 [job]: SKIPPED (not loaded); recording null
q194 [job]: SKIPPED (not loaded); recording null
q195 [job]: SKIPPED (not loaded); recording null
q196 [job]: SKIPPED (not loaded); recording null
q197 [job]: SKIPPED (not loaded); recording null
q198 [job]: SKIPPED (not loaded); recording null
q199 [job]: SKIPPED (not loaded); recording null
q200 [job]: SKIPPED (not loaded); recording null
q201 [job]: SKIPPED (not loaded); recording null
q202 [job]: SKIPPED (not loaded); recording null
q203 [job]: SKIPPED (not loaded); recording null
q204 [job]: SKIPPED (not loaded); recording null
q205 [job]: SKIPPED (not loaded); recording null
q206 [job]: SKIPPED (not loaded); recording null
q207 [job]: SKIPPED (not loaded); recording null
q208 [job]: SKIPPED (not loaded); recording null
q209 [job]: SKIPPED (not loaded); recording null
q210 [job]: SKIPPED (not loaded); recording null
q211 [job]: SKIPPED (not loaded); recording null
q212 [job]: SKIPPED (not loaded); recording null
q213 [job]: SKIPPED (not loaded); recording null
q214 [job]: SKIPPED (not loaded); recording null
q215 [job]: SKIPPED (not loaded); recording null
q216 [job]: SKIPPED (not loaded); recording null
q217 [job]: SKIPPED (not loaded); recording null
q218 [job]: SKIPPED (not loaded); recording null
q219 [job]: SKIPPED (not loaded); recording null
q220 [job]: SKIPPED (not loaded); recording null
q221 [job]: SKIPPED (not loaded); recording null
q222 [job]: SKIPPED (not loaded); recording null
q223 [job]: SKIPPED (not loaded); recording null
q224 [job]: SKIPPED (not loaded); recording null
q225 [job]: SKIPPED (not loaded); recording null
q226 [job]: SKIPPED (not loaded); recording null
q227 [job]: SKIPPED (not loaded); recording null
q228 [job]: SKIPPED (not loaded); recording null
q229 [job]: SKIPPED (not loaded); recording null
q230 [job]: SKIPPED (not loaded); recording null
q231 [job]: SKIPPED (not loaded); recording null
q232 [job]: SKIPPED (not loaded); recording null
q233 [job]: SKIPPED (not loaded); recording null
q234 [job]: SKIPPED (not loaded); recording null
q235 [job]: SKIPPED (not loaded); recording null
q236 [job]: SKIPPED (not loaded); recording null
q237 [job]: SKIPPED (not loaded); recording null
q238 [job]: SKIPPED (not loaded); recording null
wrote /home/ubuntu/joins-focus/results/doris/20260901T161340Z.json
Doris 4.1.3: tpch 0/22  tpcds 103/103  job 0/113   load_time {'tpcds': 658}
