page cache dropped before each query (6 tries: 1 cold + 5 hot)
starting Doris 4.1.3 FE (apache/doris:fe-4.1.3)
starting Doris 4.1.3 BE (apache/doris:be-4.1.3)
FE result cache off (enable_sql_cache=false); buffer pool left enabled
Doris up (doris version doris-4.1.3-rc02-7126cf65d96, backend 1788164246489)
server-side timing via the FE profile endpoint (probe read 4ms)
=== CREATE job tables ===
=== INSERT job.aka_name ===
=== INSERT job.aka_title ===
=== INSERT job.cast_info ===
=== INSERT job.char_name ===
=== INSERT job.comp_cast_type ===
=== INSERT job.company_name ===
=== INSERT job.company_type ===
=== INSERT job.complete_cast ===
=== INSERT job.info_type ===
=== INSERT job.keyword ===
=== INSERT job.kind_type ===
=== INSERT job.link_type ===
=== INSERT job.movie_companies ===
=== INSERT job.movie_info ===
=== INSERT job.movie_info_idx ===
=== INSERT job.movie_keyword ===
=== INSERT job.movie_link ===
=== INSERT job.name ===
=== INSERT job.person_info ===
=== INSERT job.role_type ===
=== INSERT job.title ===
=== ANALYZE job.aka_name ===
=== ANALYZE job.aka_title ===
=== ANALYZE job.cast_info ===
=== ANALYZE job.char_name ===
=== ANALYZE job.comp_cast_type ===
=== ANALYZE job.company_name ===
=== ANALYZE job.company_type ===
=== ANALYZE job.complete_cast ===
=== ANALYZE job.info_type ===
=== ANALYZE job.keyword ===
=== ANALYZE job.kind_type ===
=== ANALYZE job.link_type ===
=== ANALYZE job.movie_companies ===
=== ANALYZE job.movie_info ===
=== ANALYZE job.movie_info_idx ===
=== ANALYZE job.movie_keyword ===
=== ANALYZE job.movie_link ===
=== ANALYZE job.name ===
=== ANALYZE job.person_info ===
=== ANALYZE job.role_type ===
=== ANALYZE job.title ===
statistics on job: 7s
loaded job in 31s
benchmarking Doris 4.1.3 (reports doris version doris-4.1.3-rc02-7126cf65d96)
=== tpch: not fully loaded; skipping its queries, load time and size ===
=== tpcds: not fully loaded; skipping its queries, load time and size ===
q1 [tpch]: SKIPPED (not loaded); recording null
q2 [tpch]: SKIPPED (not loaded); recording null
q3 [tpch]: SKIPPED (not loaded); recording null
q4 [tpch]: SKIPPED (not loaded); recording null
q5 [tpch]: SKIPPED (not loaded); recording null
q6 [tpch]: SKIPPED (not loaded); recording null
q7 [tpch]: SKIPPED (not loaded); recording null
q8 [tpch]: SKIPPED (not loaded); recording null
q9 [tpch]: SKIPPED (not loaded); recording null
q10 [tpch]: SKIPPED (not loaded); recording null
q11 [tpch]: SKIPPED (not loaded); recording null
q12 [tpch]: SKIPPED (not loaded); recording null
q13 [tpch]: SKIPPED (not loaded); recording null
q14 [tpch]: SKIPPED (not loaded); recording null
q15 [tpch]: SKIPPED (not loaded); recording null
q16 [tpch]: SKIPPED (not loaded); recording null
q17 [tpch]: SKIPPED (not loaded); recording null
q18 [tpch]: SKIPPED (not loaded); recording null
q19 [tpch]: SKIPPED (not loaded); recording null
q20 [tpch]: SKIPPED (not loaded); recording null
q21 [tpch]: SKIPPED (not loaded); recording null
q22 [tpch]: SKIPPED (not loaded); recording null
q23 [tpcds]: SKIPPED (not loaded); recording null
q24 [tpcds]: SKIPPED (not loaded); recording null
q25 [tpcds]: SKIPPED (not loaded); recording null
q26 [tpcds]: SKIPPED (not loaded); recording null
q27 [tpcds]: SKIPPED (not loaded); recording null
q28 [tpcds]: SKIPPED (not loaded); recording null
q29 [tpcds]: SKIPPED (not loaded); recording null
q30 [tpcds]: SKIPPED (not loaded); recording null
q31 [tpcds]: SKIPPED (not loaded); recording null
q32 [tpcds]: SKIPPED (not loaded); recording null
q33 [tpcds]: SKIPPED (not loaded); recording null
q34 [tpcds]: SKIPPED (not loaded); recording null
q35 [tpcds]: SKIPPED (not loaded); recording null
q36 [tpcds]: SKIPPED (not loaded); recording null
q37 [tpcds]: SKIPPED (not loaded); recording null
q38 [tpcds]: SKIPPED (not loaded); recording null
q39 [tpcds]: SKIPPED (not loaded); recording null
q40 [tpcds]: SKIPPED (not loaded); recording null
q41 [tpcds]: SKIPPED (not loaded); recording null
q42 [tpcds]: SKIPPED (not loaded); recording null
q43 [tpcds]: SKIPPED (not loaded); recording null
q44 [tpcds]: SKIPPED (not loaded); recording null
q45 [tpcds]: SKIPPED (not loaded); recording null
q46 [tpcds]: SKIPPED (not loaded); recording null
q47 [tpcds]: SKIPPED (not loaded); recording null
q48 [tpcds]: SKIPPED (not loaded); recording null
q49 [tpcds]: SKIPPED (not loaded); recording null
q50 [tpcds]: SKIPPED (not loaded); recording null
q51 [tpcds]: SKIPPED (not loaded); recording null
q52 [tpcds]: SKIPPED (not loaded); recording null
q53 [tpcds]: SKIPPED (not loaded); recording null
q54 [tpcds]: SKIPPED (not loaded); recording null
q55 [tpcds]: SKIPPED (not loaded); recording null
q56 [tpcds]: SKIPPED (not loaded); recording null
q57 [tpcds]: SKIPPED (not loaded); recording null
q58 [tpcds]: SKIPPED (not loaded); recording null
q59 [tpcds]: SKIPPED (not loaded); recording null
q60 [tpcds]: SKIPPED (not loaded); recording null
q61 [tpcds]: SKIPPED (not loaded); recording null
q62 [tpcds]: SKIPPED (not loaded); recording null
q63 [tpcds]: SKIPPED (not loaded); recording null
q64 [tpcds]: SKIPPED (not loaded); recording null
q65 [tpcds]: SKIPPED (not loaded); recording null
q66 [tpcds]: SKIPPED (not loaded); recording null
q67 [tpcds]: SKIPPED (not loaded); recording null
q68 [tpcds]: SKIPPED (not loaded); recording null
q69 [tpcds]: SKIPPED (not loaded); recording null
q70 [tpcds]: SKIPPED (not loaded); recording null
q71 [tpcds]: SKIPPED (not loaded); recording null
q72 [tpcds]: SKIPPED (not loaded); recording null
q73 [tpcds]: SKIPPED (not loaded); recording null
q74 [tpcds]: SKIPPED (not loaded); recording null
q75 [tpcds]: SKIPPED (not loaded); recording null
q76 [tpcds]: SKIPPED (not loaded); recording null
q77 [tpcds]: SKIPPED (not loaded); recording null
q78 [tpcds]: SKIPPED (not loaded); recording null
q79 [tpcds]: SKIPPED (not loaded); recording null
q80 [tpcds]: SKIPPED (not loaded); recording null
q81 [tpcds]: SKIPPED (not loaded); recording null
q82 [tpcds]: SKIPPED (not loaded); recording null
q83 [tpcds]: SKIPPED (not loaded); recording null
q84 [tpcds]: SKIPPED (not loaded); recording null
q85 [tpcds]: SKIPPED (not loaded); recording null
q86 [tpcds]: SKIPPED (not loaded); recording null
q87 [tpcds]: SKIPPED (not loaded); recording null
q88 [tpcds]: SKIPPED (not loaded); recording null
q89 [tpcds]: SKIPPED (not loaded); recording null
q90 [tpcds]: SKIPPED (not loaded); recording null
q91 [tpcds]: SKIPPED (not loaded); recording null
q92 [tpcds]: SKIPPED (not loaded); recording null
q93 [tpcds]: SKIPPED (not loaded); recording null
q94 [tpcds]: SKIPPED (not loaded); recording null
q95 [tpcds]: SKIPPED (not loaded); recording null
q96 [tpcds]: SKIPPED (not loaded); recording null
q97 [tpcds]: SKIPPED (not loaded); recording null
q98 [tpcds]: SKIPPED (not loaded); recording null
q99 [tpcds]: SKIPPED (not loaded); recording null
q100 [tpcds]: SKIPPED (not loaded); recording null
q101 [tpcds]: SKIPPED (not loaded); recording null
q102 [tpcds]: SKIPPED (not loaded); recording null
q103 [tpcds]: SKIPPED (not loaded); recording null
q104 [tpcds]: SKIPPED (not loaded); recording null
q105 [tpcds]: SKIPPED (not loaded); recording null
q106 [tpcds]: SKIPPED (not loaded); recording null
q107 [tpcds]: SKIPPED (not loaded); recording null
q108 [tpcds]: SKIPPED (not loaded); recording null
q109 [tpcds]: SKIPPED (not loaded); recording null
q110 [tpcds]: SKIPPED (not loaded); recording null
q111 [tpcds]: SKIPPED (not loaded); recording null
q112 [tpcds]: SKIPPED (not loaded); recording null
q113 [tpcds]: SKIPPED (not loaded); recording null
q114 [tpcds]: SKIPPED (not loaded); recording null
q115 [tpcds]: SKIPPED (not loaded); recording null
q116 [tpcds]: SKIPPED (not loaded); recording null
q117 [tpcds]: SKIPPED (not loaded); recording null
q118 [tpcds]: SKIPPED (not loaded); recording null
q119 [tpcds]: SKIPPED (not loaded); recording null
q120 [tpcds]: SKIPPED (not loaded); recording null
q121 [tpcds]: SKIPPED (not loaded); recording null
q122 [tpcds]: SKIPPED (not loaded); recording null
q123 [tpcds]: SKIPPED (not loaded); recording null
q124 [tpcds]: SKIPPED (not loaded); recording null
q125 [tpcds]: SKIPPED (not loaded); recording null
q126 [job]: [0.219, 0.077, 0.070, 0.066, 0.063, 0.063]
q127 [job]: [0.106, 0.055, 0.059, 0.062, 0.061, 0.058]
q128 [job]: [0.062, 0.056, 0.056, 0.058, 0.057, 0.060]
q129 [job]: [0.062, 0.055, 0.054, 0.056, 0.054, 0.053]
q130 [job]: [0.104, 0.055, 0.052, 0.062, 0.053, 0.055]
q131 [job]: [0.053, 0.056, 0.056, 0.055, 0.051, 0.054]
q132 [job]: [0.056, 0.055, 0.052, 0.054, 0.053, 0.052]
q133 [job]: [0.061, 0.055, 0.056, 0.054, 0.054, 0.054]
q134 [job]: [1.000, 0.111, 0.108, 0.105, 0.103, 0.102]
q135 [job]: [0.065, 0.040, 0.040, 0.040, 0.040, 0.042]
q136 [job]: [0.072, 0.070, 0.069, 0.066, 0.068, 0.066]
q137 [job]: [0.031, 0.031, 0.031, 0.029, 0.028, 0.030]
q138 [job]: [0.029, 0.029, 0.030, 0.038, 0.029, 0.031]
q139 [job]: [0.034, 0.038, 0.029, 0.042, 0.031, 0.028]
q140 [job]: [0.041, 0.027, 0.029, 0.026, 0.027, 0.026]
q141 [job]: [0.034, 0.028, 0.030, 0.026, 0.027, 0.029]
q142 [job]: [0.072, 0.063, 0.058, 0.061, 0.062, 0.061]
q143 [job]: [0.220, 0.053, 0.052, 0.047, 0.048, 0.045]
q144 [job]: [0.079, 0.059, 0.060, 0.058, 0.051, 0.054]
q145 [job]: [0.055, 0.041, 0.045, 0.044, 0.044, 0.042]
q146 [job]: [0.150, 0.104, 0.103, 0.100, 0.105, 0.102]
q147 [job]: [0.051, 0.042, 0.046, 0.046, 0.038, 0.045]
q148 [job]: [0.099, 0.106, 0.104, 0.108, 0.089, 0.103]
q149 [job]: [0.333, 0.247, 0.254, 0.243, 0.253, 0.244]
q150 [job]: [0.244, 0.235, 0.228, 0.233, 0.227, 0.231]
q151 [job]: [0.351, 0.212, 0.188, 0.188, 0.168, 0.173]
q152 [job]: [0.097, 0.082, 0.073, 0.077, 0.077, 0.077]
q153 [job]: [0.081, 0.078, 0.087, 0.083, 0.081, 0.083]
q154 [job]: [0.392, 0.372, 0.370, 0.255, 0.322, 0.317]
q155 [job]: [0.159, 0.147, 0.159, 0.144, 0.161, 0.150]
q156 [job]: [0.190, 0.148, 0.145, 0.153, 0.152, 0.143]
q157 [job]: [0.211, 0.171, 0.174, 0.164, 0.164, 0.161]
q158 [job]: [0.186, 0.162, 0.159, 0.164, 0.157, 0.154]
q159 [job]: [0.314, 0.297, 0.291, 0.291, 0.271, 0.277]
q160 [job]: [0.125, 0.070, 0.072, 0.073, 0.067, 0.069]
q161 [job]: [0.085, 0.062, 0.063, 0.066, 0.060, 0.062]
q162 [job]: [0.194, 0.125, 0.132, 0.122, 0.123, 0.125]
q163 [job]: [0.146, 0.126, 0.126, 0.129, 0.129, 0.126]
q164 [job]: [0.126, 0.122, 0.120, 0.122, 0.121, 0.114]
q165 [job]: [0.168, 0.167, 0.161, 0.159, 0.161, 0.161]
q166 [job]: [0.159, 0.158, 0.151, 0.159, 0.156, 0.149]
q167 [job]: [0.110, 0.103, 0.104, 0.108, 0.106, 0.104]
q168 [job]: [0.045, 0.039, 0.035, 0.038, 0.038, 0.035]
q169 [job]: [0.108, 0.111, 0.111, 0.102, 0.111, 0.104]
q170 [job]: [0.038, 0.033, 0.036, 0.032, 0.032, 0.030]
q171 [job]: [0.047, 0.032, 0.034, 0.032, 0.030, 0.035]
q172 [job]: [0.033, 0.037, 0.045, 0.032, 0.038, 0.032]
q173 [job]: [0.039, 0.034, 0.031, 0.031, 0.031, 0.030]
q174 [job]: [0.106, 0.099, 0.099, 0.116, 0.104, 0.099]
q175 [job]: [0.105, 0.102, 0.101, 0.104, 0.100, 0.105]
q176 [job]: [0.106, 0.106, 0.098, 0.100, 0.105, 0.102]
q177 [job]: [0.113, 0.073, 0.069, 0.071, 0.065, 0.064]
q178 [job]: [0.066, 0.061, 0.066, 0.059, 0.055, 0.059]
q179 [job]: [0.108, 0.090, 0.102, 0.095, 0.096, 0.097]
q180 [job]: [0.132, 0.100, 0.092, 0.093, 0.108, 0.111]
q181 [job]: [0.153, 0.140, 0.154, 0.133, 0.143, 0.134]
q182 [job]: [0.893, 0.898, 0.886, 0.865, 0.714, 0.918]
q183 [job]: [0.174, 0.168, 0.167, 0.169, 0.175, 0.176]
q184 [job]: [0.177, 0.171, 0.170, 0.169, 0.169, 0.168]
q185 [job]: [0.446, 0.441, 0.433, 0.419, 0.404, 0.399]
q186 [job]: [0.350, 0.363, 0.329, 0.322, 0.302, 0.329]
q187 [job]: [0.339, 0.355, 0.331, 0.348, 0.353, 0.351]
q188 [job]: [0.350, 0.326, 0.349, 0.324, 0.325, 0.354]
q189 [job]: [0.375, 0.416, 0.367, 0.442, 0.379, 0.395]
q190 [job]: [0.377, 0.378, 0.322, 0.374, 0.338, 0.350]
q191 [job]: [0.132, 0.114, 0.113, 0.110, 0.109, 0.114]
q192 [job]: [0.116, 0.107, 0.106, 0.108, 0.109, 0.112]
q193 [job]: [0.122, 0.113, 0.115, 0.115, 0.115, 0.107]
q194 [job]: [0.136, 0.136, 0.124, 0.115, 0.130, 0.110]
q195 [job]: [0.116, 0.110, 0.110, 0.105, 0.123, 0.110]
q196 [job]: [0.179, 0.157, 0.151, 0.157, 0.137, 0.126]
q197 [job]: [0.386, 0.386, 0.328, 0.378, 0.378, 0.387]
q198 [job]: [0.135, 0.110, 0.123, 0.110, 0.122, 0.115]
q199 [job]: [0.102, 0.122, 0.130, 0.128, 0.122, 0.129]
q200 [job]: [0.138, 0.132, 0.138, 0.125, 0.130, 0.128]
q201 [job]: [0.074, 0.085, 0.072, 0.081, 0.074, 0.073]
q202 [job]: [0.083, 0.069, 0.077, 0.074, 0.073, 0.076]
q203 [job]: [0.080, 0.080, 0.076, 0.079, 0.075, 0.074]
q204 [job]: [0.047, 0.050, 0.041, 0.048, 0.042, 0.049]
q205 [job]: [0.050, 0.049, 0.044, 0.049, 0.043, 0.046]
q206 [job]: [0.055, 0.044, 0.044, 0.053, 0.042, 0.047]
q207 [job]: [0.059, 0.056, 0.047, 0.050, 0.045, 0.054]
q208 [job]: [0.098, 0.082, 0.080, 0.088, 0.086, 0.086]
q209 [job]: [0.084, 0.092, 0.082, 0.082, 0.086, 0.080]
q210 [job]: [0.093, 0.091, 0.090, 0.092, 0.081, 0.092]
q211 [job]: [0.225, 0.197, 0.191, 0.174, 0.170, 0.181]
q212 [job]: [0.092, 0.080, 0.085, 0.088, 0.077, 0.084]
q213 [job]: [0.122, 0.120, 0.128, 0.121, 0.124, 0.121]
q214 [job]: [0.125, 0.135, 0.120, 0.115, 0.124, 0.123]
q215 [job]: [0.201, 0.205, 0.188, 0.189, 0.188, 0.174]
q216 [job]: [0.353, 0.279, 0.262, 0.262, 0.258, 0.256]
q217 [job]: [0.287, 0.270, 0.279, 0.280, 0.272, 0.273]
q218 [job]: [0.289, 0.292, 0.300, 0.285, 0.367, 0.314]
q219 [job]: [0.093, 0.089, 0.090, 0.081, 0.085, 0.086]
q220 [job]: [0.089, 0.091, 0.084, 0.089, 0.083, 0.084]
q221 [job]: [0.085, 0.085, 0.083, 0.083, 0.095, 0.085]
q222 [job]: [0.053, 0.059, 0.066, 0.057, 0.056, 0.050]
q223 [job]: [0.061, 0.046, 0.047, 0.048, 0.058, 0.048]
q224 [job]: [0.055, 0.049, 0.054, 0.056, 0.048, 0.054]
q225 [job]: [0.112, 0.097, 0.104, 0.108, 0.113, 0.103]
q226 [job]: [0.102, 0.094, 0.096, 0.111, 0.106, 0.106]
q227 [job]: [0.163, 0.138, 0.126, 0.132, 0.130, 0.130]
q228 [job]: [0.126, 0.127, 0.120, 0.128, 0.123, 0.119]
q229 [job]: [0.138, 0.125, 0.125, 0.111, 0.114, 0.111]
q230 [job]: [0.139, 0.139, 0.132, 0.129, 0.144, 0.141]
q231 [job]: [0.111, 0.114, 0.108, 0.096, 0.104, 0.109]
q232 [job]: [0.102, 0.097, 0.101, 0.094, 0.106, 0.103]
q233 [job]: [0.116, 0.115, 0.112, 0.107, 0.117, 0.102]
q234 [job]: [0.021, 0.025, 0.021, 0.020, 0.024, 0.023]
q235 [job]: [0.039, 0.041, 0.040, 0.040, 0.036, 0.032]
q236 [job]: [0.299, 0.282, 0.284, 0.272, 0.280, 0.278]
q237 [job]: [0.317, 0.314, 0.297, 0.328, 0.301, 0.314]
q238 [job]: [0.292, 0.285, 0.281, 0.287, 0.284, 0.277]
wrote /home/ubuntu/dbbench/results/doris/20260831T081718Z.json
Doris 4.1.3: tpch 0/22  tpcds 0/103  job 113/113   load_time {'job': 24}
