page cache dropped before each query (6 tries: 1 cold + 5 hot)
starting StarRocks 4.1.4 from image starrocks/allin1-ubuntu:4.1.4
StarRocks up (4.1.4-4a9848e); result cache off, BE data caches as shipped
=== CREATE job tables ===
=== LOAD job.aka_name ===
=== LOAD job.aka_title ===
=== LOAD job.cast_info ===
=== LOAD job.char_name ===
=== LOAD job.comp_cast_type ===
=== LOAD job.company_name ===
=== LOAD job.company_type ===
=== LOAD job.complete_cast ===
=== LOAD job.info_type ===
=== LOAD job.keyword ===
=== LOAD job.kind_type ===
=== LOAD job.link_type ===
=== LOAD job.movie_companies ===
=== LOAD job.movie_info ===
=== LOAD job.movie_info_idx ===
=== LOAD job.movie_keyword ===
=== LOAD job.movie_link ===
=== LOAD job.name ===
=== LOAD job.person_info ===
=== LOAD job.role_type ===
=== LOAD job.title ===
=== ANALYZE job.aka_name ===
=== ANALYZE job.aka_title ===
=== ANALYZE job.cast_info ===
=== ANALYZE job.char_name ===
=== ANALYZE job.comp_cast_type ===
=== ANALYZE job.company_name ===
=== ANALYZE job.company_type ===
=== ANALYZE job.complete_cast ===
=== ANALYZE job.info_type ===
=== ANALYZE job.keyword ===
=== ANALYZE job.kind_type ===
=== ANALYZE job.link_type ===
=== ANALYZE job.movie_companies ===
=== ANALYZE job.movie_info ===
=== ANALYZE job.movie_info_idx ===
=== ANALYZE job.movie_keyword ===
=== ANALYZE job.movie_link ===
=== ANALYZE job.name ===
=== ANALYZE job.person_info ===
=== ANALYZE job.role_type ===
=== ANALYZE job.title ===
statistics on job: 13s
loaded job in 39s
benchmarking StarRocks 4.1.4 (reports 4.1.4-4a9848e)
=== tpch: not fully loaded; skipping its queries, load time and size ===
=== tpcds: not fully loaded; skipping its queries, load time and size ===
q1 [tpch]: SKIPPED (not loaded); recording null
q2 [tpch]: SKIPPED (not loaded); recording null
q3 [tpch]: SKIPPED (not loaded); recording null
q4 [tpch]: SKIPPED (not loaded); recording null
q5 [tpch]: SKIPPED (not loaded); recording null
q6 [tpch]: SKIPPED (not loaded); recording null
q7 [tpch]: SKIPPED (not loaded); recording null
q8 [tpch]: SKIPPED (not loaded); recording null
q9 [tpch]: SKIPPED (not loaded); recording null
q10 [tpch]: SKIPPED (not loaded); recording null
q11 [tpch]: SKIPPED (not loaded); recording null
q12 [tpch]: SKIPPED (not loaded); recording null
q13 [tpch]: SKIPPED (not loaded); recording null
q14 [tpch]: SKIPPED (not loaded); recording null
q15 [tpch]: SKIPPED (not loaded); recording null
q16 [tpch]: SKIPPED (not loaded); recording null
q17 [tpch]: SKIPPED (not loaded); recording null
q18 [tpch]: SKIPPED (not loaded); recording null
q19 [tpch]: SKIPPED (not loaded); recording null
q20 [tpch]: SKIPPED (not loaded); recording null
q21 [tpch]: SKIPPED (not loaded); recording null
q22 [tpch]: SKIPPED (not loaded); recording null
q23 [tpcds]: SKIPPED (not loaded); recording null
q24 [tpcds]: SKIPPED (not loaded); recording null
q25 [tpcds]: SKIPPED (not loaded); recording null
q26 [tpcds]: SKIPPED (not loaded); recording null
q27 [tpcds]: SKIPPED (not loaded); recording null
q28 [tpcds]: SKIPPED (not loaded); recording null
q29 [tpcds]: SKIPPED (not loaded); recording null
q30 [tpcds]: SKIPPED (not loaded); recording null
q31 [tpcds]: SKIPPED (not loaded); recording null
q32 [tpcds]: SKIPPED (not loaded); recording null
q33 [tpcds]: SKIPPED (not loaded); recording null
q34 [tpcds]: SKIPPED (not loaded); recording null
q35 [tpcds]: SKIPPED (not loaded); recording null
q36 [tpcds]: SKIPPED (not loaded); recording null
q37 [tpcds]: SKIPPED (not loaded); recording null
q38 [tpcds]: SKIPPED (not loaded); recording null
q39 [tpcds]: SKIPPED (not loaded); recording null
q40 [tpcds]: SKIPPED (not loaded); recording null
q41 [tpcds]: SKIPPED (not loaded); recording null
q42 [tpcds]: SKIPPED (not loaded); recording null
q43 [tpcds]: SKIPPED (not loaded); recording null
q44 [tpcds]: SKIPPED (not loaded); recording null
q45 [tpcds]: SKIPPED (not loaded); recording null
q46 [tpcds]: SKIPPED (not loaded); recording null
q47 [tpcds]: SKIPPED (not loaded); recording null
q48 [tpcds]: SKIPPED (not loaded); recording null
q49 [tpcds]: SKIPPED (not loaded); recording null
q50 [tpcds]: SKIPPED (not loaded); recording null
q51 [tpcds]: SKIPPED (not loaded); recording null
q52 [tpcds]: SKIPPED (not loaded); recording null
q53 [tpcds]: SKIPPED (not loaded); recording null
q54 [tpcds]: SKIPPED (not loaded); recording null
q55 [tpcds]: SKIPPED (not loaded); recording null
q56 [tpcds]: SKIPPED (not loaded); recording null
q57 [tpcds]: SKIPPED (not loaded); recording null
q58 [tpcds]: SKIPPED (not loaded); recording null
q59 [tpcds]: SKIPPED (not loaded); recording null
q60 [tpcds]: SKIPPED (not loaded); recording null
q61 [tpcds]: SKIPPED (not loaded); recording null
q62 [tpcds]: SKIPPED (not loaded); recording null
q63 [tpcds]: SKIPPED (not loaded); recording null
q64 [tpcds]: SKIPPED (not loaded); recording null
q65 [tpcds]: SKIPPED (not loaded); recording null
q66 [tpcds]: SKIPPED (not loaded); recording null
q67 [tpcds]: SKIPPED (not loaded); recording null
q68 [tpcds]: SKIPPED (not loaded); recording null
q69 [tpcds]: SKIPPED (not loaded); recording null
q70 [tpcds]: SKIPPED (not loaded); recording null
q71 [tpcds]: SKIPPED (not loaded); recording null
q72 [tpcds]: SKIPPED (not loaded); recording null
q73 [tpcds]: SKIPPED (not loaded); recording null
q74 [tpcds]: SKIPPED (not loaded); recording null
q75 [tpcds]: SKIPPED (not loaded); recording null
q76 [tpcds]: SKIPPED (not loaded); recording null
q77 [tpcds]: SKIPPED (not loaded); recording null
q78 [tpcds]: SKIPPED (not loaded); recording null
q79 [tpcds]: SKIPPED (not loaded); recording null
q80 [tpcds]: SKIPPED (not loaded); recording null
q81 [tpcds]: SKIPPED (not loaded); recording null
q82 [tpcds]: SKIPPED (not loaded); recording null
q83 [tpcds]: SKIPPED (not loaded); recording null
q84 [tpcds]: SKIPPED (not loaded); recording null
q85 [tpcds]: SKIPPED (not loaded); recording null
q86 [tpcds]: SKIPPED (not loaded); recording null
q87 [tpcds]: SKIPPED (not loaded); recording null
q88 [tpcds]: SKIPPED (not loaded); recording null
q89 [tpcds]: SKIPPED (not loaded); recording null
q90 [tpcds]: SKIPPED (not loaded); recording null
q91 [tpcds]: SKIPPED (not loaded); recording null
q92 [tpcds]: SKIPPED (not loaded); recording null
q93 [tpcds]: SKIPPED (not loaded); recording null
q94 [tpcds]: SKIPPED (not loaded); recording null
q95 [tpcds]: SKIPPED (not loaded); recording null
q96 [tpcds]: SKIPPED (not loaded); recording null
q97 [tpcds]: SKIPPED (not loaded); recording null
q98 [tpcds]: SKIPPED (not loaded); recording null
q99 [tpcds]: SKIPPED (not loaded); recording null
q100 [tpcds]: SKIPPED (not loaded); recording null
q101 [tpcds]: SKIPPED (not loaded); recording null
q102 [tpcds]: SKIPPED (not loaded); recording null
q103 [tpcds]: SKIPPED (not loaded); recording null
q104 [tpcds]: SKIPPED (not loaded); recording null
q105 [tpcds]: SKIPPED (not loaded); recording null
q106 [tpcds]: SKIPPED (not loaded); recording null
q107 [tpcds]: SKIPPED (not loaded); recording null
q108 [tpcds]: SKIPPED (not loaded); recording null
q109 [tpcds]: SKIPPED (not loaded); recording null
q110 [tpcds]: SKIPPED (not loaded); recording null
q111 [tpcds]: SKIPPED (not loaded); recording null
q112 [tpcds]: SKIPPED (not loaded); recording null
q113 [tpcds]: SKIPPED (not loaded); recording null
q114 [tpcds]: SKIPPED (not loaded); recording null
q115 [tpcds]: SKIPPED (not loaded); recording null
q116 [tpcds]: SKIPPED (not loaded); recording null
q117 [tpcds]: SKIPPED (not loaded); recording null
q118 [tpcds]: SKIPPED (not loaded); recording null
q119 [tpcds]: SKIPPED (not loaded); recording null
q120 [tpcds]: SKIPPED (not loaded); recording null
q121 [tpcds]: SKIPPED (not loaded); recording null
q122 [tpcds]: SKIPPED (not loaded); recording null
q123 [tpcds]: SKIPPED (not loaded); recording null
q124 [tpcds]: SKIPPED (not loaded); recording null
q125 [tpcds]: SKIPPED (not loaded); recording null
q126 [job]: [0.398, 0.118, 0.113, 0.109, 0.111, 0.105]
q127 [job]: [0.092, 0.087, 0.091, 0.083, 0.083, 0.084]
q128 [job]: [0.076, 0.076, 0.080, 0.072, 0.075, 0.073]
q129 [job]: [0.090, 0.092, 0.085, 0.089, 0.084, 0.083]
q130 [job]: [0.102, 0.084, 0.082, 0.077, 0.079, 0.082]
q131 [job]: [0.081, 0.079, 0.082, 0.076, 0.074, 0.075]
q132 [job]: [0.032, 0.035, 0.031, 0.032, 0.032, 0.032]
q133 [job]: [0.081, 0.084, 0.082, 0.082, 0.077, 0.080]
q134 [job]: [2.252, 0.093, 0.095, 0.093, 0.092, 0.094]
q135 [job]: [0.074, 0.064, 0.065, 0.064, 0.065, 0.067]
q136 [job]: [0.097, 0.093, 0.097, 0.095, 0.099, 0.092]
q137 [job]: [0.102, 0.064, 0.065, 0.066, 0.070, 0.064]
q138 [job]: [0.056, 0.056, 0.056, 0.057, 0.062, 0.056]
q139 [job]: [0.070, 0.066, 0.069, 0.069, 0.072, 0.071]
q140 [job]: [0.043, 0.041, 0.041, 0.042, 0.045, 0.040]
q141 [job]: [0.043, 0.042, 0.042, 0.041, 0.040, 0.046]
q142 [job]: [0.102, 0.097, 0.097, 0.099, 0.100, 0.101]
q143 [job]: [0.339, 0.200, 0.202, 0.207, 0.198, 0.199]
q144 [job]: [0.197, 0.200, 0.201, 0.201, 0.197, 0.197]
q145 [job]: [0.199, 0.196, 0.197, 0.197, 0.197, 0.198]
q146 [job]: [0.197, 0.214, 0.202, 0.225, 0.203, 0.201]
q147 [job]: [0.198, 0.202, 0.200, 0.200, 0.209, 0.198]
q148 [job]: [0.288, 0.267, 0.270, 0.276, 0.283, 0.259]
q149 [job]: [0.191, 0.125, 0.124, 0.128, 0.126, 0.127]
q150 [job]: [0.125, 0.128, 0.124, 0.124, 0.122, 0.125]
q151 [job]: [1.236, 0.227, 0.214, 0.216, 0.208, 0.210]
q152 [job]: [0.135, 0.086, 0.085, 0.086, 0.086, 0.086]
q153 [job]: [0.070, 0.070, 0.070, 0.070, 0.071, 0.072]
q154 [job]: [0.191, 0.169, 0.171, 0.168, 0.170, 0.173]
q155 [job]: [0.144, 0.138, 0.146, 0.135, 0.133, 0.142]
q156 [job]: [0.339, 0.139, 0.140, 0.138, 0.138, 0.141]
q157 [job]: [0.155, 0.151, 0.154, 0.153, 0.154, 0.150]
q158 [job]: [0.139, 0.146, 0.141, 0.140, 0.137, 0.135]
q159 [job]: [0.146, 0.144, 0.149, 0.146, 0.145, 0.138]
q160 [job]: [0.130, 0.099, 0.098, 0.099, 0.102, 0.101]
q161 [job]: [0.135, 0.127, 0.132, 0.127, 0.129, 0.129]
q162 [job]: [0.152, 0.139, 0.130, 0.134, 0.137, 0.145]
q163 [job]: [0.070, 0.055, 0.057, 0.054, 0.056, 0.055]
q164 [job]: [0.056, 0.056, 0.055, 0.055, 0.055, 0.057]
q165 [job]: [0.045, 0.044, 0.043, 0.045, 0.046, 0.046]
q166 [job]: [0.050, 0.046, 0.048, 0.050, 0.046, 0.047]
q167 [job]: [0.078, 0.081, 0.076, 0.078, 0.075, 0.076]
q168 [job]: [0.082, 0.077, 0.080, 0.079, 0.079, 0.078]
q169 [job]: [0.114, 0.117, 0.104, 0.111, 0.104, 0.111]
q170 [job]: [0.083, 0.078, 0.080, 0.078, 0.078, 0.080]
q171 [job]: [0.082, 0.083, 0.082, 0.085, 0.084, 0.081]
q172 [job]: [0.070, 0.067, 0.071, 0.067, 0.069, 0.068]
q173 [job]: [0.076, 0.076, 0.074, 0.073, 0.081, 0.073]
q174 [job]: [0.083, 0.081, 0.083, 0.081, 0.080, 0.082]
q175 [job]: [0.078, 0.078, 0.078, 0.077, 0.077, 0.076]
q176 [job]: [0.101, 0.093, 0.091, 0.090, 0.090, 0.087]
q177 [job]: [0.187, 0.189, 0.188, 0.185, 0.187, 0.186]
q178 [job]: [0.161, 0.160, 0.158, 0.160, 0.161, 0.159]
q179 [job]: [0.101, 0.101, 0.104, 0.100, 0.099, 0.102]
q180 [job]: [0.092, 0.100, 0.100, 0.099, 0.100, 0.099]
q181 [job]: [0.131, 0.155, 0.155, 0.158, 0.157, 0.154]
q182 [job]: [0.213, 0.209, 0.205, 0.206, 0.216, 0.196]
q183 [job]: [0.128, 0.135, 0.129, 0.135, 0.136, 0.134]
q184 [job]: [0.136, 0.130, 0.138, 0.138, 0.134, 0.129]
q185 [job]: [0.138, 0.135, 0.138, 0.154, 0.136, 0.139]
q186 [job]: [0.129, 0.118, 0.123, 0.123, 0.125, 0.131]
q187 [job]: [0.123, 0.128, 0.130, 0.128, 0.130, 0.131]
q188 [job]: [0.171, 0.150, 0.161, 0.159, 0.166, 0.150]
q189 [job]: [0.178, 0.164, 0.170, 0.165, 0.174, 0.178]
q190 [job]: [0.159, 0.166, 0.163, 0.165, 0.172, 0.160]
q191 [job]: [0.095, 0.099, 0.099, 0.093, 0.093, 0.094]
q192 [job]: [0.078, 0.079, 0.078, 0.078, 0.079, 0.083]
q193 [job]: [0.098, 0.105, 0.108, 0.101, 0.100, 0.097]
q194 [job]: [0.129, 0.130, 0.128, 0.130, 0.129, 0.130]
q195 [job]: [0.139, 0.138, 0.137, 0.139, 0.138, 0.148]
q196 [job]: [0.124, 0.120, 0.133, 0.122, 0.125, 0.123]
q197 [job]: [0.155, 0.149, 0.140, 0.141, 0.146, 0.147]
q198 [job]: [0.176, 0.170, 0.170, 0.170, 0.169, 0.175]
q199 [job]: [0.200, 0.200, 0.203, 0.200, 0.198, 0.200]
q200 [job]: [0.195, 0.194, 0.189, 0.190, 0.197, 0.191]
q201 [job]: [0.072, 0.068, 0.068, 0.070, 0.070, 0.068]
q202 [job]: [0.067, 0.069, 0.067, 0.072, 0.066, 0.071]
q203 [job]: [0.069, 0.071, 0.068, 0.070, 0.070, 0.071]
q204 [job]: [0.175, 0.174, 0.178, 0.174, 0.175, 0.169]
q205 [job]: [0.162, 0.164, 0.166, 0.165, 0.165, 0.165]
q206 [job]: [0.192, 0.192, 0.193, 0.191, 0.189, 0.189]
q207 [job]: [0.113, 0.108, 0.113, 0.108, 0.112, 0.111]
q208 [job]: [0.084, 0.082, 0.084, 0.085, 0.085, 0.084]
q209 [job]: [0.083, 0.084, 0.082, 0.089, 0.088, 0.083]
q210 [job]: [0.089, 0.086, 0.087, 0.090, 0.085, 0.086]
q211 [job]: [0.162, 0.155, 0.149, 0.155, 0.139, 0.143]
q212 [job]: [0.144, 0.149, 0.159, 0.146, 0.134, 0.145]
q213 [job]: [0.105, 0.105, 0.103, 0.106, 0.107, 0.104]
q214 [job]: [0.090, 0.089, 0.091, 0.086, 0.088, 0.086]
q215 [job]: [0.110, 0.110, 0.110, 0.105, 0.105, 0.109]
q216 [job]: [0.209, 0.202, 0.213, 0.204, 0.202, 0.207]
q217 [job]: [0.200, 0.200, 0.202, 0.198, 0.206, 0.202]
q218 [job]: [0.222, 0.228, 0.219, 0.219, 0.223, 0.220]
q219 [job]: [0.083, 0.079, 0.080, 0.077, 0.080, 0.083]
q220 [job]: [0.077, 0.079, 0.077, 0.081, 0.079, 0.081]
q221 [job]: [0.081, 0.084, 0.081, 0.081, 0.080, 0.081]
q222 [job]: [0.139, 0.129, 0.131, 0.129, 0.138, 0.132]
q223 [job]: [0.129, 0.134, 0.132, 0.129, 0.133, 0.125]
q224 [job]: [0.154, 0.149, 0.154, 0.151, 0.148, 0.151]
q225 [job]: [0.113, 0.108, 0.106, 0.107, 0.108, 0.108]
q226 [job]: [0.101, 0.096, 0.097, 0.102, 0.098, 0.096]
q227 [job]: [0.185, 0.171, 0.174, 0.167, 0.167, 0.167]
q228 [job]: [0.103, 0.107, 0.104, 0.104, 0.109, 0.098]
q229 [job]: [0.135, 0.130, 0.129, 0.131, 0.131, 0.128]
q230 [job]: [0.103, 0.099, 0.097, 0.099, 0.099, 0.117]
q231 [job]: [0.118, 0.116, 0.115, 0.112, 0.111, 0.113]
q232 [job]: [0.125, 0.129, 0.127, 0.131, 0.135, 0.127]
q233 [job]: [0.164, 0.167, 0.171, 0.166, 0.160, 0.158]
q234 [job]: [0.102, 0.096, 0.103, 0.104, 0.101, 0.108]
q235 [job]: [0.111, 0.107, 0.100, 0.104, 0.095, 0.110]
q236 [job]: [0.085, 0.081, 0.083, 0.080, 0.081, 0.081]
q237 [job]: [0.074, 0.075, 0.074, 0.074, 0.079, 0.074]
q238 [job]: [0.114, 0.114, 0.119, 0.109, 0.111, 0.114]
wrote /home/ubuntu/dbbench/results/starrocks/20260831T174602Z.json
StarRocks 4.1.4: tpch 0/22  tpcds 0/103  job 113/113   load_time {'job': 39}
