page cache dropped before each query (6 tries: 1 cold + 5 hot)
starting StarRocks 4.1.4 from image starrocks/allin1-ubuntu:4.1.4
StarRocks up (4.1.4-4a9848e); result cache off; BE: datacache_enable=false disable_storage_page_cache=true 
=== CREATE tpch tables ===
=== LOAD tpch.nation ===
=== LOAD tpch.region ===
=== LOAD tpch.part ===
=== LOAD tpch.supplier ===
=== LOAD tpch.partsupp ===
=== LOAD tpch.customer ===
=== LOAD tpch.orders ===
=== LOAD tpch.lineitem ===
=== ANALYZE tpch.nation ===
=== ANALYZE tpch.region ===
=== ANALYZE tpch.part ===
=== ANALYZE tpch.supplier ===
=== ANALYZE tpch.partsupp ===
=== ANALYZE tpch.customer ===
=== ANALYZE tpch.orders ===
=== ANALYZE tpch.lineitem ===
statistics on tpch: 465s
loaded tpch in 411s
benchmarking StarRocks 4.1.4 (reports 4.1.4-4a9848e)
=== tpcds: not fully loaded; skipping its queries, load time and size ===
=== job: not fully loaded; skipping its queries, load time and size ===
q1 [tpch]: [34.335, 2.814, 2.706, 2.674, 2.621, 2.665]
q2 [tpch]: [1.559, 0.181, 0.169, 0.169, 0.163, 0.164]
q3 [tpch]: [31.770, 1.237, 1.226, 1.240, 1.234, 1.230]
q4 [tpch]: [19.874, 0.630, 0.634, 0.626, 0.610, 0.644]
q5 [tpch]: [35.808, 1.714, 1.720, 1.726, 1.721, 1.744]
q6 [tpch]: [29.819, 0.378, 0.376, 0.379, 0.383, 0.384]
q7 [tpch]: [41.488, 1.109, 1.085, 1.090, 1.096, 1.070]
q8 [tpch]: [50.463, 0.698, 0.702, 0.697, 0.705, 0.692]
q9 [tpch]: [57.590, 1.933, 1.894, 1.921, 1.909, 1.888]
q10 [tpch]: [35.758, 1.466, 1.426, 1.429, 1.453, 1.422]
q11 [tpch]: [1.573, 0.149, 0.131, 0.142, 0.133, 0.140]
q12 [tpch]: [27.493, 0.606, 0.604, 0.608, 0.608, 0.601]
q13 [tpch]: [29.562, 1.263, 1.252, 1.256, 1.254, 1.246]
q14 [tpch]: [37.954, 0.475, 0.479, 0.478, 0.492, 0.457]
q15 [tpch]: [34.937, 0.423, 0.429, 0.428, 0.423, 0.425]
q16 [tpch]: [0.495, 0.337, 0.337, 0.330, 0.324, 0.322]
q17 [tpch]: [34.382, 0.377, 0.378, 0.378, 0.380, 0.378]
q18 [tpch]: [20.530, 3.635, 3.311, 3.310, 3.389, 3.353]
q19 [tpch]: [40.169, 0.796, 0.643, 0.799, 0.801, 0.800]
q20 [tpch]: [43.021, 0.503, 0.488, 0.487, 0.485, 0.479]
q21 [tpch]: [30.590, 1.823, 1.779, 1.816, 1.830, 1.796]
q22 [tpch]: [4.768, 0.239, 0.251, 0.241, 0.237, 0.241]
q23 [tpcds]: SKIPPED (not loaded); recording null
q24 [tpcds]: SKIPPED (not loaded); recording null
q25 [tpcds]: SKIPPED (not loaded); recording null
q26 [tpcds]: SKIPPED (not loaded); recording null
q27 [tpcds]: SKIPPED (not loaded); recording null
q28 [tpcds]: SKIPPED (not loaded); recording null
q29 [tpcds]: SKIPPED (not loaded); recording null
q30 [tpcds]: SKIPPED (not loaded); recording null
q31 [tpcds]: SKIPPED (not loaded); recording null
q32 [tpcds]: SKIPPED (not loaded); recording null
q33 [tpcds]: SKIPPED (not loaded); recording null
q34 [tpcds]: SKIPPED (not loaded); recording null
q35 [tpcds]: SKIPPED (not loaded); recording null
q36 [tpcds]: SKIPPED (not loaded); recording null
q37 [tpcds]: SKIPPED (not loaded); recording null
q38 [tpcds]: SKIPPED (not loaded); recording null
q39 [tpcds]: SKIPPED (not loaded); recording null
q40 [tpcds]: SKIPPED (not loaded); recording null
q41 [tpcds]: SKIPPED (not loaded); recording null
q42 [tpcds]: SKIPPED (not loaded); recording null
q43 [tpcds]: SKIPPED (not loaded); recording null
q44 [tpcds]: SKIPPED (not loaded); recording null
q45 [tpcds]: SKIPPED (not loaded); recording null
q46 [tpcds]: SKIPPED (not loaded); recording null
q47 [tpcds]: SKIPPED (not loaded); recording null
q48 [tpcds]: SKIPPED (not loaded); recording null
q49 [tpcds]: SKIPPED (not loaded); recording null
q50 [tpcds]: SKIPPED (not loaded); recording null
q51 [tpcds]: SKIPPED (not loaded); recording null
q52 [tpcds]: SKIPPED (not loaded); recording null
q53 [tpcds]: SKIPPED (not loaded); recording null
q54 [tpcds]: SKIPPED (not loaded); recording null
q55 [tpcds]: SKIPPED (not loaded); recording null
q56 [tpcds]: SKIPPED (not loaded); recording null
q57 [tpcds]: SKIPPED (not loaded); recording null
q58 [tpcds]: SKIPPED (not loaded); recording null
q59 [tpcds]: SKIPPED (not loaded); recording null
q60 [tpcds]: SKIPPED (not loaded); recording null
q61 [tpcds]: SKIPPED (not loaded); recording null
q62 [tpcds]: SKIPPED (not loaded); recording null
q63 [tpcds]: SKIPPED (not loaded); recording null
q64 [tpcds]: SKIPPED (not loaded); recording null
q65 [tpcds]: SKIPPED (not loaded); recording null
q66 [tpcds]: SKIPPED (not loaded); recording null
q67 [tpcds]: SKIPPED (not loaded); recording null
q68 [tpcds]: SKIPPED (not loaded); recording null
q69 [tpcds]: SKIPPED (not loaded); recording null
q70 [tpcds]: SKIPPED (not loaded); recording null
q71 [tpcds]: SKIPPED (not loaded); recording null
q72 [tpcds]: SKIPPED (not loaded); recording null
q73 [tpcds]: SKIPPED (not loaded); recording null
q74 [tpcds]: SKIPPED (not loaded); recording null
q75 [tpcds]: SKIPPED (not loaded); recording null
q76 [tpcds]: SKIPPED (not loaded); recording null
q77 [tpcds]: SKIPPED (not loaded); recording null
q78 [tpcds]: SKIPPED (not loaded); recording null
q79 [tpcds]: SKIPPED (not loaded); recording null
q80 [tpcds]: SKIPPED (not loaded); recording null
q81 [tpcds]: SKIPPED (not loaded); recording null
q82 [tpcds]: SKIPPED (not loaded); recording null
q83 [tpcds]: SKIPPED (not loaded); recording null
q84 [tpcds]: SKIPPED (not loaded); recording null
q85 [tpcds]: SKIPPED (not loaded); recording null
q86 [tpcds]: SKIPPED (not loaded); recording null
q87 [tpcds]: SKIPPED (not loaded); recording null
q88 [tpcds]: SKIPPED (not loaded); recording null
q89 [tpcds]: SKIPPED (not loaded); recording null
q90 [tpcds]: SKIPPED (not loaded); recording null
q91 [tpcds]: SKIPPED (not loaded); recording null
q92 [tpcds]: SKIPPED (not loaded); recording null
q93 [tpcds]: SKIPPED (not loaded); recording null
q94 [tpcds]: SKIPPED (not loaded); recording null
q95 [tpcds]: SKIPPED (not loaded); recording null
q96 [tpcds]: SKIPPED (not loaded); recording null
q97 [tpcds]: SKIPPED (not loaded); recording null
q98 [tpcds]: SKIPPED (not loaded); recording null
q99 [tpcds]: SKIPPED (not loaded); recording null
q100 [tpcds]: SKIPPED (not loaded); recording null
q101 [tpcds]: SKIPPED (not loaded); recording null
q102 [tpcds]: SKIPPED (not loaded); recording null
q103 [tpcds]: SKIPPED (not loaded); recording null
q104 [tpcds]: SKIPPED (not loaded); recording null
q105 [tpcds]: SKIPPED (not loaded); recording null
q106 [tpcds]: SKIPPED (not loaded); recording null
q107 [tpcds]: SKIPPED (not loaded); recording null
q108 [tpcds]: SKIPPED (not loaded); recording null
q109 [tpcds]: SKIPPED (not loaded); recording null
q110 [tpcds]: SKIPPED (not loaded); recording null
q111 [tpcds]: SKIPPED (not loaded); recording null
q112 [tpcds]: SKIPPED (not loaded); recording null
q113 [tpcds]: SKIPPED (not loaded); recording null
q114 [tpcds]: SKIPPED (not loaded); recording null
q115 [tpcds]: SKIPPED (not loaded); recording null
q116 [tpcds]: SKIPPED (not loaded); recording null
q117 [tpcds]: SKIPPED (not loaded); recording null
q118 [tpcds]: SKIPPED (not loaded); recording null
q119 [tpcds]: SKIPPED (not loaded); recording null
q120 [tpcds]: SKIPPED (not loaded); recording null
q121 [tpcds]: SKIPPED (not loaded); recording null
q122 [tpcds]: SKIPPED (not loaded); recording null
q123 [tpcds]: SKIPPED (not loaded); recording null
q124 [tpcds]: SKIPPED (not loaded); recording null
q125 [tpcds]: SKIPPED (not loaded); recording null
q126 [job]: SKIPPED (not loaded); recording null
q127 [job]: SKIPPED (not loaded); recording null
q128 [job]: SKIPPED (not loaded); recording null
q129 [job]: SKIPPED (not loaded); recording null
q130 [job]: SKIPPED (not loaded); recording null
q131 [job]: SKIPPED (not loaded); recording null
q132 [job]: SKIPPED (not loaded); recording null
q133 [job]: SKIPPED (not loaded); recording null
q134 [job]: SKIPPED (not loaded); recording null
q135 [job]: SKIPPED (not loaded); recording null
q136 [job]: SKIPPED (not loaded); recording null
q137 [job]: SKIPPED (not loaded); recording null
q138 [job]: SKIPPED (not loaded); recording null
q139 [job]: SKIPPED (not loaded); recording null
q140 [job]: SKIPPED (not loaded); recording null
q141 [job]: SKIPPED (not loaded); recording null
q142 [job]: SKIPPED (not loaded); recording null
q143 [job]: SKIPPED (not loaded); recording null
q144 [job]: SKIPPED (not loaded); recording null
q145 [job]: SKIPPED (not loaded); recording null
q146 [job]: SKIPPED (not loaded); recording null
q147 [job]: SKIPPED (not loaded); recording null
q148 [job]: SKIPPED (not loaded); recording null
q149 [job]: SKIPPED (not loaded); recording null
q150 [job]: SKIPPED (not loaded); recording null
q151 [job]: SKIPPED (not loaded); recording null
q152 [job]: SKIPPED (not loaded); recording null
q153 [job]: SKIPPED (not loaded); recording null
q154 [job]: SKIPPED (not loaded); recording null
q155 [job]: SKIPPED (not loaded); recording null
q156 [job]: SKIPPED (not loaded); recording null
q157 [job]: SKIPPED (not loaded); recording null
q158 [job]: SKIPPED (not loaded); recording null
q159 [job]: SKIPPED (not loaded); recording null
q160 [job]: SKIPPED (not loaded); recording null
q161 [job]: SKIPPED (not loaded); recording null
q162 [job]: SKIPPED (not loaded); recording null
q163 [job]: SKIPPED (not loaded); recording null
q164 [job]: SKIPPED (not loaded); recording null
q165 [job]: SKIPPED (not loaded); recording null
q166 [job]: SKIPPED (not loaded); recording null
q167 [job]: SKIPPED (not loaded); recording null
q168 [job]: SKIPPED (not loaded); recording null
q169 [job]: SKIPPED (not loaded); recording null
q170 [job]: SKIPPED (not loaded); recording null
q171 [job]: SKIPPED (not loaded); recording null
q172 [job]: SKIPPED (not loaded); recording null
q173 [job]: SKIPPED (not loaded); recording null
q174 [job]: SKIPPED (not loaded); recording null
q175 [job]: SKIPPED (not loaded); recording null
q176 [job]: SKIPPED (not loaded); recording null
q177 [job]: SKIPPED (not loaded); recording null
q178 [job]: SKIPPED (not loaded); recording null
q179 [job]: SKIPPED (not loaded); recording null
q180 [job]: SKIPPED (not loaded); recording null
q181 [job]: SKIPPED (not loaded); recording null
q182 [job]: SKIPPED (not loaded); recording null
q183 [job]: SKIPPED (not loaded); recording null
q184 [job]: SKIPPED (not loaded); recording null
q185 [job]: SKIPPED (not loaded); recording null
q186 [job]: SKIPPED (not loaded); recording null
q187 [job]: SKIPPED (not loaded); recording null
q188 [job]: SKIPPED (not loaded); recording null
q189 [job]: SKIPPED (not loaded); recording null
q190 [job]: SKIPPED (not loaded); recording null
q191 [job]: SKIPPED (not loaded); recording null
q192 [job]: SKIPPED (not loaded); recording null
q193 [job]: SKIPPED (not loaded); recording null
q194 [job]: SKIPPED (not loaded); recording null
q195 [job]: SKIPPED (not loaded); recording null
q196 [job]: SKIPPED (not loaded); recording null
q197 [job]: SKIPPED (not loaded); recording null
q198 [job]: SKIPPED (not loaded); recording null
q199 [job]: SKIPPED (not loaded); recording null
q200 [job]: SKIPPED (not loaded); recording null
q201 [job]: SKIPPED (not loaded); recording null
q202 [job]: SKIPPED (not loaded); recording null
q203 [job]: SKIPPED (not loaded); recording null
q204 [job]: SKIPPED (not loaded); recording null
q205 [job]: SKIPPED (not loaded); recording null
q206 [job]: SKIPPED (not loaded); recording null
q207 [job]: SKIPPED (not loaded); recording null
q208 [job]: SKIPPED (not loaded); recording null
q209 [job]: SKIPPED (not loaded); recording null
q210 [job]: SKIPPED (not loaded); recording null
q211 [job]: SKIPPED (not loaded); recording null
q212 [job]: SKIPPED (not loaded); recording null
q213 [job]: SKIPPED (not loaded); recording null
q214 [job]: SKIPPED (not loaded); recording null
q215 [job]: SKIPPED (not loaded); recording null
q216 [job]: SKIPPED (not loaded); recording null
q217 [job]: SKIPPED (not loaded); recording null
q218 [job]: SKIPPED (not loaded); recording null
q219 [job]: SKIPPED (not loaded); recording null
q220 [job]: SKIPPED (not loaded); recording null
q221 [job]: SKIPPED (not loaded); recording null
q222 [job]: SKIPPED (not loaded); recording null
q223 [job]: SKIPPED (not loaded); recording null
q224 [job]: SKIPPED (not loaded); recording null
q225 [job]: SKIPPED (not loaded); recording null
q226 [job]: SKIPPED (not loaded); recording null
q227 [job]: SKIPPED (not loaded); recording null
q228 [job]: SKIPPED (not loaded); recording null
q229 [job]: SKIPPED (not loaded); recording null
q230 [job]: SKIPPED (not loaded); recording null
q231 [job]: SKIPPED (not loaded); recording null
q232 [job]: SKIPPED (not loaded); recording null
q233 [job]: SKIPPED (not loaded); recording null
q234 [job]: SKIPPED (not loaded); recording null
q235 [job]: SKIPPED (not loaded); recording null
q236 [job]: SKIPPED (not loaded); recording null
q237 [job]: SKIPPED (not loaded); recording null
q238 [job]: SKIPPED (not loaded); recording null
wrote /home/ubuntu/joins-focus/results/starrocks/20260901T140917Z.json
StarRocks 4.1.4: tpch 22/22  tpcds 0/103  job 0/113   load_time {'tpch': 411}
